Archive member included to satisfy reference by file (symbol)

c:/ac6/systemworkbench/plugins/fr.ac6.mcu.externaltools.arm-none.win32_1.17.0.201812190825/tools/compiler/bin/../lib/gcc/arm-none-eabi/7.3.1/../../../../arm-none-eabi/lib/thumb/v7e-m/fpv4-sp/hard\libc.a(lib_a-exit.o)
                              c:/ac6/systemworkbench/plugins/fr.ac6.mcu.externaltools.arm-none.win32_1.17.0.201812190825/tools/compiler/bin/../lib/gcc/arm-none-eabi/7.3.1/../../../../arm-none-eabi/lib/thumb/v7e-m/fpv4-sp/hard/rdimon-crt0.o (exit)
c:/ac6/systemworkbench/plugins/fr.ac6.mcu.externaltools.arm-none.win32_1.17.0.201812190825/tools/compiler/bin/../lib/gcc/arm-none-eabi/7.3.1/../../../../arm-none-eabi/lib/thumb/v7e-m/fpv4-sp/hard\libc.a(lib_a-impure.o)
                              c:/ac6/systemworkbench/plugins/fr.ac6.mcu.externaltools.arm-none.win32_1.17.0.201812190825/tools/compiler/bin/../lib/gcc/arm-none-eabi/7.3.1/../../../../arm-none-eabi/lib/thumb/v7e-m/fpv4-sp/hard\libc.a(lib_a-exit.o) (_global_impure_ptr)
c:/ac6/systemworkbench/plugins/fr.ac6.mcu.externaltools.arm-none.win32_1.17.0.201812190825/tools/compiler/bin/../lib/gcc/arm-none-eabi/7.3.1/../../../../arm-none-eabi/lib/thumb/v7e-m/fpv4-sp/hard\libc.a(lib_a-init.o)
                              c:/ac6/systemworkbench/plugins/fr.ac6.mcu.externaltools.arm-none.win32_1.17.0.201812190825/tools/compiler/bin/../lib/gcc/arm-none-eabi/7.3.1/../../../../arm-none-eabi/lib/thumb/v7e-m/fpv4-sp/hard/rdimon-crt0.o (__libc_init_array)
c:/ac6/systemworkbench/plugins/fr.ac6.mcu.externaltools.arm-none.win32_1.17.0.201812190825/tools/compiler/bin/../lib/gcc/arm-none-eabi/7.3.1/../../../../arm-none-eabi/lib/thumb/v7e-m/fpv4-sp/hard\libc.a(lib_a-memset.o)
                              c:/ac6/systemworkbench/plugins/fr.ac6.mcu.externaltools.arm-none.win32_1.17.0.201812190825/tools/compiler/bin/../lib/gcc/arm-none-eabi/7.3.1/../../../../arm-none-eabi/lib/thumb/v7e-m/fpv4-sp/hard/rdimon-crt0.o (memset)
c:/ac6/systemworkbench/plugins/fr.ac6.mcu.externaltools.arm-none.win32_1.17.0.201812190825/tools/compiler/bin/../lib/gcc/arm-none-eabi/7.3.1/../../../../arm-none-eabi/lib/thumb/v7e-m/fpv4-sp/hard\libc.a(lib_a-__call_atexit.o)
                              c:/ac6/systemworkbench/plugins/fr.ac6.mcu.externaltools.arm-none.win32_1.17.0.201812190825/tools/compiler/bin/../lib/gcc/arm-none-eabi/7.3.1/../../../../arm-none-eabi/lib/thumb/v7e-m/fpv4-sp/hard\libc.a(lib_a-exit.o) (__call_exitprocs)
c:/ac6/systemworkbench/plugins/fr.ac6.mcu.externaltools.arm-none.win32_1.17.0.201812190825/tools/compiler/bin/../lib/gcc/arm-none-eabi/7.3.1/../../../../arm-none-eabi/lib/thumb/v7e-m/fpv4-sp/hard\libc.a(lib_a-atexit.o)
                              c:/ac6/systemworkbench/plugins/fr.ac6.mcu.externaltools.arm-none.win32_1.17.0.201812190825/tools/compiler/bin/../lib/gcc/arm-none-eabi/7.3.1/../../../../arm-none-eabi/lib/thumb/v7e-m/fpv4-sp/hard\libc.a(lib_a-__call_atexit.o) (atexit)
c:/ac6/systemworkbench/plugins/fr.ac6.mcu.externaltools.arm-none.win32_1.17.0.201812190825/tools/compiler/bin/../lib/gcc/arm-none-eabi/7.3.1/../../../../arm-none-eabi/lib/thumb/v7e-m/fpv4-sp/hard\libc.a(lib_a-fini.o)
                              c:/ac6/systemworkbench/plugins/fr.ac6.mcu.externaltools.arm-none.win32_1.17.0.201812190825/tools/compiler/bin/../lib/gcc/arm-none-eabi/7.3.1/../../../../arm-none-eabi/lib/thumb/v7e-m/fpv4-sp/hard\libc.a(lib_a-__call_atexit.o) (__libc_fini_array)
c:/ac6/systemworkbench/plugins/fr.ac6.mcu.externaltools.arm-none.win32_1.17.0.201812190825/tools/compiler/bin/../lib/gcc/arm-none-eabi/7.3.1/../../../../arm-none-eabi/lib/thumb/v7e-m/fpv4-sp/hard\libc.a(lib_a-lock.o)
                              c:/ac6/systemworkbench/plugins/fr.ac6.mcu.externaltools.arm-none.win32_1.17.0.201812190825/tools/compiler/bin/../lib/gcc/arm-none-eabi/7.3.1/../../../../arm-none-eabi/lib/thumb/v7e-m/fpv4-sp/hard\libc.a(lib_a-__call_atexit.o) (__retarget_lock_acquire_recursive)
c:/ac6/systemworkbench/plugins/fr.ac6.mcu.externaltools.arm-none.win32_1.17.0.201812190825/tools/compiler/bin/../lib/gcc/arm-none-eabi/7.3.1/../../../../arm-none-eabi/lib/thumb/v7e-m/fpv4-sp/hard\libc.a(lib_a-__atexit.o)
                              c:/ac6/systemworkbench/plugins/fr.ac6.mcu.externaltools.arm-none.win32_1.17.0.201812190825/tools/compiler/bin/../lib/gcc/arm-none-eabi/7.3.1/../../../../arm-none-eabi/lib/thumb/v7e-m/fpv4-sp/hard\libc.a(lib_a-atexit.o) (__register_exitproc)
c:/ac6/systemworkbench/plugins/fr.ac6.mcu.externaltools.arm-none.win32_1.17.0.201812190825/tools/compiler/bin/../lib/gcc/arm-none-eabi/7.3.1/../../../../arm-none-eabi/lib/thumb/v7e-m/fpv4-sp/hard\librdimon.a(rdimon-syscalls.o)
                              c:/ac6/systemworkbench/plugins/fr.ac6.mcu.externaltools.arm-none.win32_1.17.0.201812190825/tools/compiler/bin/../lib/gcc/arm-none-eabi/7.3.1/../../../../arm-none-eabi/lib/thumb/v7e-m/fpv4-sp/hard/rdimon-crt0.o (initialise_monitor_handles)
[...]
Memory Configuration

Name             Origin             Length             Attributes
RAM              0x20000000         0x00020000         xrw
ROM              0x08000000         0x00100000         xr
*default*        0x00000000         0xffffffff

Linker script and memory map

LOAD c:/ac6/systemworkbench/plugins/fr.ac6.mcu.externaltools.arm-none.win32_1.17.0.201812190825/tools/compiler/bin/../lib/gcc/arm-none-eabi/7.3.1/thumb/v7e-m/fpv4-sp/hard/crti.o
LOAD c:/ac6/systemworkbench/plugins/fr.ac6.mcu.externaltools.arm-none.win32_1.17.0.201812190825/tools/compiler/bin/../lib/gcc/arm-none-eabi/7.3.1/thumb/v7e-m/fpv4-sp/hard/crtbegin.o
LOAD c:/ac6/systemworkbench/plugins/fr.ac6.mcu.externaltools.arm-none.win32_1.17.0.201812190825/tools/compiler/bin/../lib/gcc/arm-none-eabi/7.3.1/../../../../arm-none-eabi/lib/thumb/v7e-m/fpv4-sp/hard/rdimon-crt0.o
LOAD c:/ac6/systemworkbench/plugins/fr.ac6.mcu.externaltools.arm-none.win32_1.17.0.201812190825/tools/compiler/bin/../lib/gcc/arm-none-eabi/7.3.1/../../../../arm-none-eabi/lib/thumb/v7e-m/fpv4-sp/hard\libc.a
LOAD c:/ac6/systemworkbench/plugins/fr.ac6.mcu.externaltools.arm-none.win32_1.17.0.201812190825/tools/compiler/bin/../lib/gcc/arm-none-eabi/7.3.1/../../../../arm-none-eabi/lib/thumb/v7e-m/fpv4-sp/hard\librdimon.a
LOAD StdPeriph_Driver/src/misc.o
LOAD StdPeriph_Driver/src/stm32f4xx_adc.o
LOAD StdPeriph_Driver/src/stm32f4xx_can.o
LOAD StdPeriph_Driver/src/stm32f4xx_cec.o
LOAD StdPeriph_Driver/src/stm32f4xx_crc.o
LOAD StdPeriph_Driver/src/stm32f4xx_cryp.o
LOAD StdPeriph_Driver/src/stm32f4xx_cryp_aes.o
LOAD StdPeriph_Driver/src/stm32f4xx_cryp_des.o
LOAD StdPeriph_Driver/src/stm32f4xx_cryp_tdes.o
LOAD StdPeriph_Driver/src/stm32f4xx_dac.o
LOAD StdPeriph_Driver/src/stm32f4xx_dbgmcu.o
LOAD StdPeriph_Driver/src/stm32f4xx_dcmi.o
LOAD StdPeriph_Driver/src/stm32f4xx_dfsdm.o
LOAD StdPeriph_Driver/src/stm32f4xx_dma.o
LOAD StdPeriph_Driver/src/stm32f4xx_dma2d.o
LOAD StdPeriph_Driver/src/stm32f4xx_dsi.o
LOAD StdPeriph_Driver/src/stm32f4xx_exti.o
LOAD StdPeriph_Driver/src/stm32f4xx_flash.o
LOAD StdPeriph_Driver/src/stm32f4xx_flash_ramfunc.o
LOAD StdPeriph_Driver/src/stm32f4xx_fmc.o
LOAD StdPeriph_Driver/src/stm32f4xx_fmip2c.o
LOAD StdPeriph_Driver/src/stm32f4xx_fsmc.o
LOAD StdPeriph_Driver/src/stm32f4xx_gpio.o
LOAD StdPeriph_Driver/src/stm32f4xx_hash.o
LOAD StdPeriph_Driver/src/stm32f4xx_hash_md5.o
LOAD StdPeriph_Driver/src/stm32f4xx_hash_sha1.o
LOAD StdPeriph_Driver/src/stm32f4xx_i2c.o
LOAD StdPeriph_Driver/src/stm32f4xx_iwdg.o
LOAD StdPeriph_Driver/src/stm32f4xx_lptim.o
LOAD StdPeriph_Driver/src/stm32f4xx_ltdc.o
LOAD StdPeriph_Driver/src/stm32f4xx_pwr.o
LOAD StdPeriph_Driver/src/stm32f4xx_qspi.o
LOAD StdPeriph_Driver/src/stm32f4xx_rcc.o
LOAD StdPeriph_Driver/src/stm32f4xx_rng.o
LOAD StdPeriph_Driver/src/stm32f4xx_rtc.o
LOAD StdPeriph_Driver/src/stm32f4xx_sai.o
LOAD StdPeriph_Driver/src/stm32f4xx_sdio.o
LOAD StdPeriph_Driver/src/stm32f4xx_spdifrx.o
LOAD StdPeriph_Driver/src/stm32f4xx_spi.o
LOAD StdPeriph_Driver/src/stm32f4xx_syscfg.o
LOAD StdPeriph_Driver/src/stm32f4xx_tim.o
LOAD StdPeriph_Driver/src/stm32f4xx_usart.o
LOAD StdPeriph_Driver/src/stm32f4xx_wwdg.o
LOAD Third-party/FreeRTOS/org/Source/croutine.o
LOAD Third-party/FreeRTOS/org/Source/event_groups.o
LOAD Third-party/FreeRTOS/org/Source/list.o
LOAD Third-party/FreeRTOS/org/Source/queue.o
LOAD Third-party/FreeRTOS/org/Source/stream_buffer.o
LOAD Third-party/FreeRTOS/org/Source/tasks.o
LOAD Third-party/FreeRTOS/org/Source/timers.o
LOAD Third-party/FreeRTOS/org/Source/portable/GCC/ARM_CM4F/port.o
LOAD Third-party/FreeRTOS/org/Source/portable/MemMang/heap_4.o
LOAD Third-party/SEGGER/Config/SEGGER_SYSVIEW_Config_FreeRTOS.o
LOAD Third-party/SEGGER/OS/SEGGER_SYSVIEW_FreeRTOS.o
LOAD Third-party/SEGGER/SEGGER/SEGGER_RTT.o
LOAD Third-party/SEGGER/SEGGER/SEGGER_SYSVIEW.o
LOAD src/main.o
LOAD src/system_stm32f4xx.o
LOAD startup/startup_stm32.o
LOAD c:/ac6/systemworkbench/plugins/fr.ac6.mcu.externaltools.arm-none.win32_1.17.0.201812190825/tools/compiler/bin/../lib/gcc/arm-none-eabi/7.3.1/../../../../arm-none-eabi/lib/thumb/v7e-m/fpv4-sp/hard\libm.a
START GROUP
LOAD c:/ac6/systemworkbench/plugins/fr.ac6.mcu.externaltools.arm-none.win32_1.17.0.201812190825/tools/compiler/bin/../lib/gcc/arm-none-eabi/7.3.1/thumb/v7e-m/fpv4-sp/hard\libgcc.a
LOAD c:/ac6/systemworkbench/plugins/fr.ac6.mcu.externaltools.arm-none.win32_1.17.0.201812190825/tools/compiler/bin/../lib/gcc/arm-none-eabi/7.3.1/../../../../arm-none-eabi/lib/thumb/v7e-m/fpv4-sp/hard\libc.a
END GROUP
START GROUP
LOAD c:/ac6/systemworkbench/plugins/fr.ac6.mcu.externaltools.arm-none.win32_1.17.0.201812190825/tools/compiler/bin/../lib/gcc/arm-none-eabi/7.3.1/thumb/v7e-m/fpv4-sp/hard\libgcc.a
LOAD c:/ac6/systemworkbench/plugins/fr.ac6.mcu.externaltools.arm-none.win32_1.17.0.201812190825/tools/compiler/bin/../lib/gcc/arm-none-eabi/7.3.1/../../../../arm-none-eabi/lib/thumb/v7e-m/fpv4-sp/hard\libc.a
LOAD c:/ac6/systemworkbench/plugins/fr.ac6.mcu.externaltools.arm-none.win32_1.17.0.201812190825/tools/compiler/bin/../lib/gcc/arm-none-eabi/7.3.1/../../../../arm-none-eabi/lib/thumb/v7e-m/fpv4-sp/hard\librdimon.a
END GROUP
LOAD c:/ac6/systemworkbench/plugins/fr.ac6.mcu.externaltools.arm-none.win32_1.17.0.201812190825/tools/compiler/bin/../lib/gcc/arm-none-eabi/7.3.1/thumb/v7e-m/fpv4-sp/hard/crtend.o
LOAD c:/ac6/systemworkbench/plugins/fr.ac6.mcu.externaltools.arm-none.win32_1.17.0.201812190825/tools/compiler/bin/../lib/gcc/arm-none-eabi/7.3.1/thumb/v7e-m/fpv4-sp/hard/crtn.o
                0x20020000                _estack = 0x20020000
                0x00000000                _Min_Heap_Size = 0x0
                0x00000400                _Min_Stack_Size = 0x400

.isr_vector     0x08000000      0x1a8
                0x08000000                . = ALIGN (0x4)
 *(.isr_vector)
 .isr_vector    0x08000000      0x1a8 startup/startup_stm32.o
                0x08000000                g_pfnVectors
                0x080001a8                . = ALIGN (0x4)

.text           0x080001c0     0x519c
                0x080001c0                . = ALIGN (0x4)
 *(.text)
 .text          0x080001c0       0x40 c:/ac6/systemworkbench/plugins/fr.ac6.mcu.externaltools.arm-none.win32_1.17.0.201812190825/tools/compiler/bin/../lib/gcc/arm-none-eabi/7.3.1/thumb/v7e-m/fpv4-sp/hard/crtbegin.o
 .text          0x08000200      0x134 c:/ac6/systemworkbench/plugins/fr.ac6.mcu.externaltools.arm-none.win32_1.17.0.201812190825/tools/compiler/bin/../lib/gcc/arm-none-eabi/7.3.1/../../../../arm-none-eabi/lib/thumb/v7e-m/fpv4-sp/hard\libc.a(lib_a-memcpy.o)
                0x08000200                memcpy
 *fill*         0x08000334        0xc 
 .text          0x08000340       0xdc c:/ac6/systemworkbench/plugins/fr.ac6.mcu.externaltools.arm-none.win32_1.17.0.201812190825/tools/compiler/bin/../lib/gcc/arm-none-eabi/7.3.1/../../../../arm-none-eabi/lib/thumb/v7e-m/fpv4-sp/hard\libc.a(lib_a-strlen.o)
                0x08000340                strlen
 *(.text*)
 .text.__libc_init_array
                0x0800041c       0x48 c:/ac6/systemworkbench/plugins/fr.ac6.mcu.externaltools.arm-none.win32_1.17.0.201812190825/tools/compiler/bin/../lib/gcc/arm-none-eabi/7.3.1/../../../../arm-none-eabi/lib/thumb/v7e-m/fpv4-sp/hard\libc.a(lib_a-init.o)
                0x0800041c                __libc_init_array
 .text.memset   0x08000464       0x94 c:/ac6/systemworkbench/plugins/fr.ac6.mcu.externaltools.arm-none.win32_1.17.0.201812190825/tools/compiler/bin/../lib/gcc/arm-none-eabi/7.3.1/../../../../arm-none-eabi/lib/thumb/v7e-m/fpv4-sp/hard\libc.a(lib_a-memset.o)
                0x08000464                memset
 .text.startup.register_fini
                0x080004f8       0x14 c:/ac6/systemworkbench/plugins/fr.ac6.mcu.externaltools.arm-none.win32_1.17.0.201812190825/tools/compiler/bin/../lib/gcc/arm-none-eabi/7.3.1/../../../../arm-none-eabi/lib/thumb/v7e-m/fpv4-sp/hard\libc.a(lib_a-__call_atexit.o)
 .text.atexit   0x0800050c        0xc c:/ac6/systemworkbench/plugins/fr.ac6.mcu.externaltools.arm-none.win32_1.17.0.201812190825/tools/compiler/bin/../lib/gcc/arm-none-eabi/7.3.1/../../../../arm-none-eabi/lib/thumb/v7e-m/fpv4-sp/hard\libc.a(lib_a-atexit.o)
                0x0800050c                atexit
 .text.__libc_fini_array
                0x08000518       0x34 c:/ac6/systemworkbench/plugins/fr.ac6.mcu.externaltools.arm-none.win32_1.17.0.201812190825/tools/compiler/bin/../lib/gcc/arm-none-eabi/7.3.1/../../../../arm-none-eabi/lib/thumb/v7e-m/fpv4-sp/hard\libc.a(lib_a-fini.o)
                0x08000518                __libc_fini_array
 .text.__retarget_lock_acquire_recursive
                0x0800054c        0x4 c:/ac6/systemworkbench/plugins/fr.ac6.mcu.externaltools.arm-none.win32_1.17.0.201812190825/tools/compiler/bin/../lib/gcc/arm-none-eabi/7.3.1/../../../../arm-none-eabi/lib/thumb/v7e-m/fpv4-sp/hard\libc.a(lib_a-lock.o)
                0x0800054c                __retarget_lock_acquire_recursive
 .text.__retarget_lock_release_recursive
                0x08000550        0x4 c:/ac6/systemworkbench/plugins/fr.ac6.mcu.externaltools.arm-none.win32_1.17.0.201812190825/tools/compiler/bin/../lib/gcc/arm-none-eabi/7.3.1/../../../../arm-none-eabi/lib/thumb/v7e-m/fpv4-sp/hard\libc.a(lib_a-lock.o)
                0x08000550                __retarget_lock_release_recursive
 .text.__register_exitproc
                0x08000554       0xc0 c:/ac6/systemworkbench/plugins/fr.ac6.mcu.externaltools.arm-none.win32_1.17.0.201812190825/tools/compiler/bin/../lib/gcc/arm-none-eabi/7.3.1/../../../../arm-none-eabi/lib/thumb/v7e-m/fpv4-sp/hard\libc.a(lib_a-__atexit.o)
                0x08000554                __register_exitproc
 .text.GPIO_Init
                0x08000614      0x11c StdPeriph_Driver/src/stm32f4xx_gpio.o
                0x08000614                GPIO_Init
 .text.GPIO_PinAFConfig
                0x08000730       0x92 StdPeriph_Driver/src/stm32f4xx_gpio.o
                0x08000730                GPIO_PinAFConfig
 *fill*         0x080007c2        0x2 
 .text.RCC_DeInit
                0x080007c4       0x70 StdPeriph_Driver/src/stm32f4xx_rcc.o
                0x080007c4                RCC_DeInit
 .text.RCC_GetClocksFreq
                0x08000834      0x150 StdPeriph_Driver/src/stm32f4xx_rcc.o
                0x08000834                RCC_GetClocksFreq
 .text.RCC_AHB1PeriphClockCmd
                0x08000984       0x40 StdPeriph_Driver/src/stm32f4xx_rcc.o
                0x08000984                RCC_AHB1PeriphClockCmd
 .text.RCC_APB1PeriphClockCmd
                0x080009c4       0x40 StdPeriph_Driver/src/stm32f4xx_rcc.o
                0x080009c4                RCC_APB1PeriphClockCmd
 .text.USART_Init
                0x08000a04      0x174 StdPeriph_Driver/src/stm32f4xx_usart.o
                0x08000a04                USART_Init
 .text.USART_Cmd
                0x08000b78       0x40 StdPeriph_Driver/src/stm32f4xx_usart.o
                0x08000b78                USART_Cmd
 .text.USART_SendData
                0x08000bb8       0x24 StdPeriph_Driver/src/stm32f4xx_usart.o
                0x08000bb8                USART_SendData
 .text.USART_GetFlagStatus
                0x08000bdc       0x38 StdPeriph_Driver/src/stm32f4xx_usart.o
                0x08000bdc                USART_GetFlagStatus
 .text.vListInitialise
                0x08000c14       0x40 Third-party/FreeRTOS/org/Source/list.o
                0x08000c14                vListInitialise
 .text.vListInitialiseItem
                0x08000c54       0x1a Third-party/FreeRTOS/org/Source/list.o
                0x08000c54                vListInitialiseItem
 .text.vListInsertEnd
                0x08000c6e       0x48 Third-party/FreeRTOS/org/Source/list.o
                0x08000c6e                vListInsertEnd
 .text.vListInsert
                0x08000cb6       0x72 Third-party/FreeRTOS/org/Source/list.o
                0x08000cb6                vListInsert
 .text.uxListRemove
                0x08000d28       0x54 Third-party/FreeRTOS/org/Source/list.o
                0x08000d28                uxListRemove
 .text.xQueueGenericReset
                0x08000d7c       0xd0 Third-party/FreeRTOS/org/Source/queue.o
                0x08000d7c                xQueueGenericReset
 .text.xQueueGenericCreate
                0x08000e4c       0x76 Third-party/FreeRTOS/org/Source/queue.o
                0x08000e4c                xQueueGenericCreate
 .text.prvInitialiseNewQueue
                0x08000ec2       0x52 Third-party/FreeRTOS/org/Source/queue.o
 .text.xQueueGenericSend
                0x08000f14      0x244 Third-party/FreeRTOS/org/Source/queue.o
                0x08000f14                xQueueGenericSend
 .text.xQueueGenericSendFromISR
                0x08001158      0x150 Third-party/FreeRTOS/org/Source/queue.o
                0x08001158                xQueueGenericSendFromISR
 .text.xQueueReceive
                0x080012a8      0x228 Third-party/FreeRTOS/org/Source/queue.o
                0x080012a8                xQueueReceive
 .text.prvCopyDataToQueue
                0x080014d0       0xd4 Third-party/FreeRTOS/org/Source/queue.o
 .text.prvCopyDataFromQueue
                0x080015a4       0x4c Third-party/FreeRTOS/org/Source/queue.o
 .text.prvUnlockQueue
                0x080015f0       0xa4 Third-party/FreeRTOS/org/Source/queue.o
 .text.prvIsQueueEmpty
                0x08001694       0x2c Third-party/FreeRTOS/org/Source/queue.o
 .text.prvIsQueueFull
                0x080016c0       0x30 Third-party/FreeRTOS/org/Source/queue.o
 .text.vQueueAddToRegistry
                0x080016f0       0x60 Third-party/FreeRTOS/org/Source/queue.o
                0x080016f0                vQueueAddToRegistry
 .text.vQueueWaitForMessageRestricted
                0x08001750       0x68 Third-party/FreeRTOS/org/Source/queue.o
                0x08001750                vQueueWaitForMessageRestricted
 .text.xTaskCreate
                0x080017b8       0x82 Third-party/FreeRTOS/org/Source/tasks.o
                0x080017b8                xTaskCreate
 .text.prvInitialiseNewTask
                0x0800183a      0x11c Third-party/FreeRTOS/org/Source/tasks.o
 *fill*         0x08001956        0x2 
 .text.prvAddNewTaskToReadyList
                0x08001958      0x118 Third-party/FreeRTOS/org/Source/tasks.o
 .text.vTaskStartScheduler
                0x08001a70       0xb8 Third-party/FreeRTOS/org/Source/tasks.o
                0x08001a70                vTaskStartScheduler
 .text.vTaskSuspendAll
                0x08001b28       0x1c Third-party/FreeRTOS/org/Source/tasks.o
                0x08001b28                vTaskSuspendAll
 .text.xTaskResumeAll
                0x08001b44      0x140 Third-party/FreeRTOS/org/Source/tasks.o
                0x08001b44                xTaskResumeAll
 .text.xTaskGetTickCount
                0x08001c84       0x20 Third-party/FreeRTOS/org/Source/tasks.o
                0x08001c84                xTaskGetTickCount
 .text.xTaskGetTickCountFromISR
                0x08001ca4       0x24 Third-party/FreeRTOS/org/Source/tasks.o
                0x08001ca4                xTaskGetTickCountFromISR
 .text.xTaskIncrementTick
                0x08001cc8      0x178 Third-party/FreeRTOS/org/Source/tasks.o
                0x08001cc8                xTaskIncrementTick
 .text.vTaskSwitchContext
                0x08001e40       0xd0 Third-party/FreeRTOS/org/Source/tasks.o
                0x08001e40                vTaskSwitchContext
 .text.vTaskPlaceOnEventList
                0x08001f10       0x48 Third-party/FreeRTOS/org/Source/tasks.o
                0x08001f10                vTaskPlaceOnEventList
 .text.vTaskPlaceOnEventListRestricted
                0x08001f58       0x5c Third-party/FreeRTOS/org/Source/tasks.o
                0x08001f58                vTaskPlaceOnEventListRestricted
 .text.xTaskRemoveFromEventList
                0x08001fb4       0xcc Third-party/FreeRTOS/org/Source/tasks.o
                0x08001fb4                xTaskRemoveFromEventList
 .text.vTaskInternalSetTimeOutState
                0x08002080       0x2c Third-party/FreeRTOS/org/Source/tasks.o
                0x08002080                vTaskInternalSetTimeOutState
 .text.xTaskCheckForTimeOut
                0x080020ac       0xc0 Third-party/FreeRTOS/org/Source/tasks.o
                0x080020ac                xTaskCheckForTimeOut
 .text.vTaskMissedYield
                0x0800216c       0x18 Third-party/FreeRTOS/org/Source/tasks.o
                0x0800216c                vTaskMissedYield
 .text.prvIdleTask
                0x08002184       0x30 Third-party/FreeRTOS/org/Source/tasks.o
 .text.prvInitialiseTaskLists
                0x080021b4       0x80 Third-party/FreeRTOS/org/Source/tasks.o
 .text.prvCheckTasksWaitingTermination
                0x08002234       0x58 Third-party/FreeRTOS/org/Source/tasks.o
 .text.prvDeleteTCB
                0x0800228c       0x20 Third-party/FreeRTOS/org/Source/tasks.o
 .text.prvResetNextTaskUnblockTime
                0x080022ac       0x40 Third-party/FreeRTOS/org/Source/tasks.o
 .text.xTaskGetSchedulerState
                0x080022ec       0x3c Third-party/FreeRTOS/org/Source/tasks.o
                0x080022ec                xTaskGetSchedulerState
 .text.xTaskPriorityDisinherit
                0x08002328      0x110 Third-party/FreeRTOS/org/Source/tasks.o
                0x08002328                xTaskPriorityDisinherit
 .text.prvAddCurrentTaskToDelayedList
                0x08002438       0xf0 Third-party/FreeRTOS/org/Source/tasks.o
 .text.xTimerCreateTimerTask
                0x08002528       0x64 Third-party/FreeRTOS/org/Source/timers.o
                0x08002528                xTimerCreateTimerTask
 .text.xTimerGenericCommand
                0x0800258c       0x98 Third-party/FreeRTOS/org/Source/timers.o
                0x0800258c                xTimerGenericCommand
 .text.prvProcessExpiredTimer
                0x08002624       0x98 Third-party/FreeRTOS/org/Source/timers.o
 .text.prvTimerTask
                0x080026bc       0x24 Third-party/FreeRTOS/org/Source/timers.o
 .text.prvProcessTimerOrBlockTask
                0x080026e0       0x9c Third-party/FreeRTOS/org/Source/timers.o
 .text.prvGetNextExpireTime
                0x0800277c       0x48 Third-party/FreeRTOS/org/Source/timers.o
 .text.prvSampleTimeNow
                0x080027c4       0x40 Third-party/FreeRTOS/org/Source/timers.o
 .text.prvInsertTimerInActiveList
                0x08002804       0x84 Third-party/FreeRTOS/org/Source/timers.o
 .text.prvProcessReceivedCommands
                0x08002888      0x188 Third-party/FreeRTOS/org/Source/timers.o
 .text.prvSwitchTimerLists
                0x08002a10       0xc8 Third-party/FreeRTOS/org/Source/timers.o
 .text.prvCheckForValidListAndQueue
                0x08002ad8       0x6c Third-party/FreeRTOS/org/Source/timers.o
 .text.pxPortInitialiseStack
                0x08002b44       0x68 Third-party/FreeRTOS/org/Source/portable/GCC/ARM_CM4F/port.o
                0x08002b44                pxPortInitialiseStack
 .text.prvTaskExitError
                0x08002bac       0x54 Third-party/FreeRTOS/org/Source/portable/GCC/ARM_CM4F/port.o
 .text.SVC_Handler
                0x08002c00       0x28 Third-party/FreeRTOS/org/Source/portable/GCC/ARM_CM4F/port.o
                0x08002c00                SVC_Handler
 .text.prvPortStartFirstTask
                0x08002c28       0x28 Third-party/FreeRTOS/org/Source/portable/GCC/ARM_CM4F/port.o
 .text.xPortStartScheduler
                0x08002c50      0x13c Third-party/FreeRTOS/org/Source/portable/GCC/ARM_CM4F/port.o
                0x08002c50                xPortStartScheduler
 .text.vPortEnterCritical
                0x08002d8c       0x5c Third-party/FreeRTOS/org/Source/portable/GCC/ARM_CM4F/port.o
                0x08002d8c                vPortEnterCritical
 .text.vPortExitCritical
                0x08002de8       0x50 Third-party/FreeRTOS/org/Source/portable/GCC/ARM_CM4F/port.o
                0x08002de8                vPortExitCritical
 *fill*         0x08002e38        0x8 
 .text.PendSV_Handler
                0x08002e40       0x68 Third-party/FreeRTOS/org/Source/portable/GCC/ARM_CM4F/port.o
                0x08002e40                PendSV_Handler
 .text.SysTick_Handler
                0x08002ea8       0x50 Third-party/FreeRTOS/org/Source/portable/GCC/ARM_CM4F/port.o
                0x08002ea8                SysTick_Handler
 .text.vPortSetupTimerInterrupt
                0x08002ef8       0x48 Third-party/FreeRTOS/org/Source/portable/GCC/ARM_CM4F/port.o
                0x08002ef8                vPortSetupTimerInterrupt
 .text.vPortEnableVFP
                0x08002f40       0x14 Third-party/FreeRTOS/org/Source/portable/GCC/ARM_CM4F/port.o
 .text.vPortValidateInterruptPriority
                0x08002f54       0x7c Third-party/FreeRTOS/org/Source/portable/GCC/ARM_CM4F/port.o
                0x08002f54                vPortValidateInterruptPriority
 .text.pvPortMalloc
                0x08002fd0      0x184 Third-party/FreeRTOS/org/Source/portable/MemMang/heap_4.o
                0x08002fd0                pvPortMalloc
 .text.vPortFree
                0x08003154       0xb0 Third-party/FreeRTOS/org/Source/portable/MemMang/heap_4.o
                0x08003154                vPortFree
 .text.prvHeapInit
                0x08003204       0xc4 Third-party/FreeRTOS/org/Source/portable/MemMang/heap_4.o
 .text.prvInsertBlockIntoFreeList
                0x080032c8       0xb4 Third-party/FreeRTOS/org/Source/portable/MemMang/heap_4.o
 .text._cbSendSystemDesc
                0x0800337c       0x1c Third-party/SEGGER/Config/SEGGER_SYSVIEW_Config_FreeRTOS.o
 .text.SEGGER_SYSVIEW_Conf
                0x08003398       0x2c Third-party/SEGGER/Config/SEGGER_SYSVIEW_Config_FreeRTOS.o
                0x08003398                SEGGER_SYSVIEW_Conf
 .text._cbSendTaskList
                0x080033c4       0x90 Third-party/SEGGER/OS/SEGGER_SYSVIEW_FreeRTOS.o
 .text._cbGetTime
                0x08003454       0x76 Third-party/SEGGER/OS/SEGGER_SYSVIEW_FreeRTOS.o
 *fill*         0x080034ca        0x2 
 .text.SYSVIEW_AddTask
                0x080034cc       0xd0 Third-party/SEGGER/OS/SEGGER_SYSVIEW_FreeRTOS.o
                0x080034cc                SYSVIEW_AddTask
 .text.SYSVIEW_SendTaskInfo
                0x0800359c       0x42 Third-party/SEGGER/OS/SEGGER_SYSVIEW_FreeRTOS.o
                0x0800359c                SYSVIEW_SendTaskInfo
 *fill*         0x080035de        0x2 
 .text._DoInit  0x080035e0       0xa4 Third-party/SEGGER/SEGGER/SEGGER_RTT.o
 .text.SEGGER_RTT_ReadNoLock
                0x08003684      0x104 Third-party/SEGGER/SEGGER/SEGGER_RTT.o
                0x08003684                SEGGER_RTT_ReadNoLock
 .text.SEGGER_RTT_WriteSkipNoLock
                0x08003788      0x120 Third-party/SEGGER/SEGGER/SEGGER_RTT.o
                0x08003788                SEGGER_RTT_WriteSkipNoLock
 .text.SEGGER_RTT_ConfigUpBuffer
                0x080038a8       0xd4 Third-party/SEGGER/SEGGER/SEGGER_RTT.o
                0x080038a8                SEGGER_RTT_ConfigUpBuffer
 .text.SEGGER_RTT_ConfigDownBuffer
                0x0800397c       0xd4 Third-party/SEGGER/SEGGER/SEGGER_RTT.o
                0x0800397c                SEGGER_RTT_ConfigDownBuffer
 .text._EncodeStr
                0x08003a50       0x9a Third-party/SEGGER/SEGGER/SEGGER_SYSVIEW.o
 .text._PreparePacket
                0x08003aea       0x18 Third-party/SEGGER/SEGGER/SEGGER_SYSVIEW.o
 .text._HandleIncomingPacket
                0x08003b02       0xb8 Third-party/SEGGER/SEGGER/SEGGER_SYSVIEW.o
 *fill*         0x08003bba        0x2 
 .text._TrySendOverflowPacket
                0x08003bbc       0xe0 Third-party/SEGGER/SEGGER/SEGGER_SYSVIEW.o
 .text._SendPacket
                0x08003c9c      0x1a8 Third-party/SEGGER/SEGGER/SEGGER_SYSVIEW.o
 .text.SEGGER_SYSVIEW_Init
                0x08003e44       0x7c Third-party/SEGGER/SEGGER/SEGGER_SYSVIEW.o
                0x08003e44                SEGGER_SYSVIEW_Init
 .text.SEGGER_SYSVIEW_SetRAMBase
                0x08003ec0       0x20 Third-party/SEGGER/SEGGER/SEGGER_SYSVIEW.o
                0x08003ec0                SEGGER_SYSVIEW_SetRAMBase
 .text.SEGGER_SYSVIEW_RecordVoid
                0x08003ee0       0x3c Third-party/SEGGER/SEGGER/SEGGER_SYSVIEW.o
                0x08003ee0                SEGGER_SYSVIEW_RecordVoid
 .text.SEGGER_SYSVIEW_RecordU32
                0x08003f1c       0x78 Third-party/SEGGER/SEGGER/SEGGER_SYSVIEW.o
                0x08003f1c                SEGGER_SYSVIEW_RecordU32
 .text.SEGGER_SYSVIEW_RecordU32x2
                0x08003f94       0xb4 Third-party/SEGGER/SEGGER/SEGGER_SYSVIEW.o
                0x08003f94                SEGGER_SYSVIEW_RecordU32x2
 .text.SEGGER_SYSVIEW_RecordU32x3
                0x08004048       0xec Third-party/SEGGER/SEGGER/SEGGER_SYSVIEW.o
                0x08004048                SEGGER_SYSVIEW_RecordU32x3
 .text.SEGGER_SYSVIEW_RecordU32x4
                0x08004134      0x124 Third-party/SEGGER/SEGGER/SEGGER_SYSVIEW.o
                0x08004134                SEGGER_SYSVIEW_RecordU32x4
 .text.SEGGER_SYSVIEW_Start
                0x08004258      0x178 Third-party/SEGGER/SEGGER/SEGGER_SYSVIEW.o
                0x08004258                SEGGER_SYSVIEW_Start
 .text.SEGGER_SYSVIEW_Stop
                0x080043d0       0x4c Third-party/SEGGER/SEGGER/SEGGER_SYSVIEW.o
                0x080043d0                SEGGER_SYSVIEW_Stop
 .text.SEGGER_SYSVIEW_GetSysDesc
                0x0800441c      0x134 Third-party/SEGGER/SEGGER/SEGGER_SYSVIEW.o
                0x0800441c                SEGGER_SYSVIEW_GetSysDesc
 .text.SEGGER_SYSVIEW_SendTaskInfo
                0x08004550      0x1cc Third-party/SEGGER/SEGGER/SEGGER_SYSVIEW.o
                0x08004550                SEGGER_SYSVIEW_SendTaskInfo
 .text.SEGGER_SYSVIEW_SendTaskList
                0x0800471c       0x28 Third-party/SEGGER/SEGGER/SEGGER_SYSVIEW.o
                0x0800471c                SEGGER_SYSVIEW_SendTaskList
 .text.SEGGER_SYSVIEW_SendSysDesc
                0x08004744       0x48 Third-party/SEGGER/SEGGER/SEGGER_SYSVIEW.o
                0x08004744                SEGGER_SYSVIEW_SendSysDesc
 .text.SEGGER_SYSVIEW_RecordSystime
                0x0800478c       0x60 Third-party/SEGGER/SEGGER/SEGGER_SYSVIEW.o
                0x0800478c                SEGGER_SYSVIEW_RecordSystime
 .text.SEGGER_SYSVIEW_RecordEnterISR
                0x080047ec       0x84 Third-party/SEGGER/SEGGER/SEGGER_SYSVIEW.o
                0x080047ec                SEGGER_SYSVIEW_RecordEnterISR
 .text.SEGGER_SYSVIEW_RecordExitISR
                0x08004870       0x38 Third-party/SEGGER/SEGGER/SEGGER_SYSVIEW.o
                0x08004870                SEGGER_SYSVIEW_RecordExitISR
 .text.SEGGER_SYSVIEW_RecordExitISRToScheduler
                0x080048a8       0x38 Third-party/SEGGER/SEGGER/SEGGER_SYSVIEW.o
                0x080048a8                SEGGER_SYSVIEW_RecordExitISRToScheduler
 .text.SEGGER_SYSVIEW_OnIdle
                0x080048e0       0x38 Third-party/SEGGER/SEGGER/SEGGER_SYSVIEW.o
                0x080048e0                SEGGER_SYSVIEW_OnIdle
 .text.SEGGER_SYSVIEW_OnTaskCreate
                0x08004918       0x88 Third-party/SEGGER/SEGGER/SEGGER_SYSVIEW.o
                0x08004918                SEGGER_SYSVIEW_OnTaskCreate
 .text.SEGGER_SYSVIEW_OnTaskStartExec
                0x080049a0       0x88 Third-party/SEGGER/SEGGER/SEGGER_SYSVIEW.o
                0x080049a0                SEGGER_SYSVIEW_OnTaskStartExec
 .text.SEGGER_SYSVIEW_OnTaskStartReady
                0x08004a28       0x88 Third-party/SEGGER/SEGGER/SEGGER_SYSVIEW.o
                0x08004a28                SEGGER_SYSVIEW_OnTaskStartReady
 .text.SEGGER_SYSVIEW_OnTaskStopReady
                0x08004ab0       0xc0 Third-party/SEGGER/SEGGER/SEGGER_SYSVIEW.o
                0x08004ab0                SEGGER_SYSVIEW_OnTaskStopReady
 .text.SEGGER_SYSVIEW_ShrinkId
                0x08004b70       0x24 Third-party/SEGGER/SEGGER/SEGGER_SYSVIEW.o
                0x08004b70                SEGGER_SYSVIEW_ShrinkId
 .text.SEGGER_SYSVIEW_SendModule
                0x08004b94      0x100 Third-party/SEGGER/SEGGER/SEGGER_SYSVIEW.o
                0x08004b94                SEGGER_SYSVIEW_SendModule
 .text.SEGGER_SYSVIEW_SendModuleDescription
                0x08004c94       0x3c Third-party/SEGGER/SEGGER/SEGGER_SYSVIEW.o
                0x08004c94                SEGGER_SYSVIEW_SendModuleDescription
 .text.SEGGER_SYSVIEW_SendNumModules
                0x08004cd0       0x7c Third-party/SEGGER/SEGGER/SEGGER_SYSVIEW.o
                0x08004cd0                SEGGER_SYSVIEW_SendNumModules
 .text.SEGGER_SYSVIEW_Warn
                0x08004d4c       0xb8 Third-party/SEGGER/SEGGER/SEGGER_SYSVIEW.o
                0x08004d4c                SEGGER_SYSVIEW_Warn
 .text.main     0x08004e04       0xb4 src/main.o
                0x08004e04                main
 .text.vTask1_handler
                0x08004eb8       0x40 src/main.o
                0x08004eb8                vTask1_handler
 .text.vTask2_handler
                0x08004ef8       0x40 src/main.o
                0x08004ef8                vTask2_handler
 .text.printmsg
                0x08004f38       0x50 src/main.o
                0x08004f38                printmsg
 .text.prvSetupHardware
                0x08004f88        0xc src/main.o
 .text.prvSetupUart
                0x08004f94       0x9c src/main.o
 .text.SystemInit
                0x08005030       0x6c src/system_stm32f4xx.o
                0x08005030                SystemInit
 .text.SystemCoreClockUpdate
                0x0800509c       0xf8 src/system_stm32f4xx.o
                0x0800509c                SystemCoreClockUpdate
 .text.SetSysClock
                0x08005194       0xf8 src/system_stm32f4xx.o
 .text.Reset_Handler
                0x0800528c       0x50 startup/startup_stm32.o
                0x0800528c                Reset_Handler
 .text.Default_Handler
                0x080052dc        0x2 startup/startup_stm32.o
                0x080052dc                RTC_Alarm_IRQHandler
                0x080052dc                HASH_RNG_IRQHandler
                0x080052dc                EXTI2_IRQHandler
                0x080052dc                TIM8_CC_IRQHandler
                0x080052dc                DebugMon_Handler
                0x080052dc                TIM1_CC_IRQHandler
                0x080052dc                DMA2_Stream5_IRQHandler
                0x080052dc                HardFault_Handler
                0x080052dc                DMA1_Stream5_IRQHandler
                0x080052dc                PVD_IRQHandler
                0x080052dc                SDIO_IRQHandler
                0x080052dc                TAMP_STAMP_IRQHandler
                0x080052dc                NMI_Handler
                0x080052dc                CAN2_RX1_IRQHandler
                0x080052dc                EXTI3_IRQHandler
                0x080052dc                TIM8_TRG_COM_TIM14_IRQHandler
                0x080052dc                TIM1_UP_TIM10_IRQHandler
                0x080052dc                TIM8_UP_TIM13_IRQHandler
                0x080052dc                I2C3_ER_IRQHandler
                0x080052dc                LCD_TFT_IRQHandler
                0x080052dc                EXTI0_IRQHandler
                0x080052dc                I2C2_EV_IRQHandler
                0x080052dc                DMA1_Stream2_IRQHandler
                0x080052dc                CAN1_RX0_IRQHandler
                0x080052dc                FPU_IRQHandler
                0x080052dc                OTG_HS_WKUP_IRQHandler
                0x080052dc                UsageFault_Handler
                0x080052dc                CAN2_SCE_IRQHandler
                0x080052dc                DMA2_Stream2_IRQHandler
                0x080052dc                SPI1_IRQHandler
                0x080052dc                TIM6_DAC_IRQHandler
                0x080052dc                TIM1_BRK_TIM9_IRQHandler
                0x080052dc                DCMI_IRQHandler
                0x080052dc                CAN2_RX0_IRQHandler
                0x080052dc                DMA2_Stream3_IRQHandler
                0x080052dc                USART6_IRQHandler
                0x080052dc                USART3_IRQHandler
                0x080052dc                CRYP_IRQHandler
                0x080052dc                CAN1_RX1_IRQHandler
                0x080052dc                UART5_IRQHandler
                0x080052dc                DMA2_Stream0_IRQHandler
                0x080052dc                TIM4_IRQHandler
                0x080052dc                I2C1_EV_IRQHandler
                0x080052dc                DMA1_Stream6_IRQHandler
                0x080052dc                DMA1_Stream1_IRQHandler
                0x080052dc                UART4_IRQHandler
                0x080052dc                LCD_TFT_1_IRQHandler
                0x080052dc                TIM3_IRQHandler
                0x080052dc                RCC_IRQHandler
                0x080052dc                TIM8_BRK_TIM12_IRQHandler
                0x080052dc                Default_Handler
                0x080052dc                EXTI15_10_IRQHandler
                0x080052dc                ADC_IRQHandler
                0x080052dc                DMA1_Stream7_IRQHandler
                0x080052dc                TIM7_IRQHandler
                0x080052dc                CAN2_TX_IRQHandler
                0x080052dc                TIM5_IRQHandler
                0x080052dc                DMA2_Stream7_IRQHandler
                0x080052dc                I2C3_EV_IRQHandler
                0x080052dc                EXTI9_5_IRQHandler
                0x080052dc                RTC_WKUP_IRQHandler
                0x080052dc                ETH_WKUP_IRQHandler
                0x080052dc                SPI2_IRQHandler
                0x080052dc                OTG_HS_EP1_IN_IRQHandler
                0x080052dc                MemManage_Handler
                0x080052dc                DMA1_Stream0_IRQHandler
                0x080052dc                CAN1_TX_IRQHandler
                0x080052dc                EXTI4_IRQHandler
                0x080052dc                FSMC_IRQHandler
                0x080052dc                ETH_IRQHandler
                0x080052dc                OTG_HS_EP1_OUT_IRQHandler
                0x080052dc                WWDG_IRQHandler
                0x080052dc                TIM2_IRQHandler
                0x080052dc                OTG_FS_WKUP_IRQHandler
                0x080052dc                TIM1_TRG_COM_TIM11_IRQHandler
                0x080052dc                OTG_HS_IRQHandler
                0x080052dc                EXTI1_IRQHandler
                0x080052dc                USART2_IRQHandler
                0x080052dc                I2C2_ER_IRQHandler
                0x080052dc                DMA2_Stream1_IRQHandler
                0x080052dc                CAN1_SCE_IRQHandler
                0x080052dc                DMA2_Stream4_IRQHandler
                0x080052dc                BusFault_Handler
                0x080052dc                USART1_IRQHandler
                0x080052dc                OTG_FS_IRQHandler
                0x080052dc                SPI3_IRQHandler
                0x080052dc                DMA1_Stream4_IRQHandler
                0x080052dc                I2C1_ER_IRQHandler
                0x080052dc                DMA2_Stream6_IRQHandler
                0x080052dc                DMA1_Stream3_IRQHandler
 *fill*         0x080052de        0x2 
 .text.memcmp   0x080052e0       0x64 c:/ac6/systemworkbench/plugins/fr.ac6.mcu.externaltools.arm-none.win32_1.17.0.201812190825/tools/compiler/bin/../lib/gcc/arm-none-eabi/7.3.1/../../../../arm-none-eabi/lib/thumb/v7e-m/fpv4-sp/hard\libc.a(lib_a-memcmp.o)
                0x080052e0                memcmp
 *(.glue_7)
 .glue_7        0x08005344        0x0 linker stubs
 *(.glue_7t)
 .glue_7t       0x08005344        0x0 linker stubs
 *(.eh_frame)
 .eh_frame      0x08005344        0x0 c:/ac6/systemworkbench/plugins/fr.ac6.mcu.externaltools.arm-none.win32_1.17.0.201812190825/tools/compiler/bin/../lib/gcc/arm-none-eabi/7.3.1/thumb/v7e-m/fpv4-sp/hard/crtbegin.o
 *(.init)
 .init          0x08005344        0x4 c:/ac6/systemworkbench/plugins/fr.ac6.mcu.externaltools.arm-none.win32_1.17.0.201812190825/tools/compiler/bin/../lib/gcc/arm-none-eabi/7.3.1/thumb/v7e-m/fpv4-sp/hard/crti.o
                0x08005344                _init
 .init          0x08005348        0x8 c:/ac6/systemworkbench/plugins/fr.ac6.mcu.externaltools.arm-none.win32_1.17.0.201812190825/tools/compiler/bin/../lib/gcc/arm-none-eabi/7.3.1/thumb/v7e-m/fpv4-sp/hard/crtn.o
 *(.fini)
 .fini          0x08005350        0x4 c:/ac6/systemworkbench/plugins/fr.ac6.mcu.externaltools.arm-none.win32_1.17.0.201812190825/tools/compiler/bin/../lib/gcc/arm-none-eabi/7.3.1/thumb/v7e-m/fpv4-sp/hard/crti.o
                0x08005350                _fini
 .fini          0x08005354        0x8 c:/ac6/systemworkbench/plugins/fr.ac6.mcu.externaltools.arm-none.win32_1.17.0.201812190825/tools/compiler/bin/../lib/gcc/arm-none-eabi/7.3.1/thumb/v7e-m/fpv4-sp/hard/crtn.o
                0x0800535c                . = ALIGN (0x4)
                0x0800535c                _etext = .

.vfp11_veneer   0x0800535c        0x0
 .vfp11_veneer  0x0800535c        0x0 linker stubs

.v4_bx          0x0800535c        0x0
 .v4_bx         0x0800535c        0x0 linker stubs

.iplt           0x0800535c        0x0
 .iplt          0x0800535c        0x0 c:/ac6/systemworkbench/plugins/fr.ac6.mcu.externaltools.arm-none.win32_1.17.0.201812190825/tools/compiler/bin/../lib/gcc/arm-none-eabi/7.3.1/thumb/v7e-m/fpv4-sp/hard/crtbegin.o

.rodata         0x0800535c      0x170
                0x0800535c                . = ALIGN (0x4)
 *(.rodata)
 .rodata        0x0800535c        0x5 Third-party/FreeRTOS/org/Source/tasks.o
 *fill*         0x08005361        0x3 
 .rodata        0x08005364        0xd Third-party/FreeRTOS/org/Source/timers.o
 *fill*         0x08005371        0x3 
 .rodata        0x08005374       0x51 Third-party/SEGGER/Config/SEGGER_SYSVIEW_Config_FreeRTOS.o
 *fill*         0x080053c5        0x3 
 .rodata        0x080053c8       0x60 Third-party/SEGGER/OS/SEGGER_SYSVIEW_FreeRTOS.o
                0x08005420                SYSVIEW_X_OS_TraceAPI
 .rodata        0x08005428       0x17 Third-party/SEGGER/SEGGER/SEGGER_RTT.o
 *fill*         0x0800543f        0x1 
 .rodata        0x08005440       0x24 Third-party/SEGGER/SEGGER/SEGGER_SYSVIEW.o
 .rodata        0x08005464       0x61 src/main.o
 *(.rodata*)
 *fill*         0x080054c5        0x3 
 .rodata._global_impure_ptr
                0x080054c8        0x4 c:/ac6/systemworkbench/plugins/fr.ac6.mcu.externaltools.arm-none.win32_1.17.0.201812190825/tools/compiler/bin/../lib/gcc/arm-none-eabi/7.3.1/../../../../arm-none-eabi/lib/thumb/v7e-m/fpv4-sp/hard\libc.a(lib_a-impure.o)
                0x080054c8                _global_impure_ptr
                0x080054cc                . = ALIGN (0x4)

.rel.dyn        0x080054cc        0x0
 .rel.iplt      0x080054cc        0x0 c:/ac6/systemworkbench/plugins/fr.ac6.mcu.externaltools.arm-none.win32_1.17.0.201812190825/tools/compiler/bin/../lib/gcc/arm-none-eabi/7.3.1/thumb/v7e-m/fpv4-sp/hard/crtbegin.o

.ARM.extab      0x080054cc        0x0
                0x080054cc                . = ALIGN (0x4)
 *(.ARM.extab* .gnu.linkonce.armextab.*)
                0x080054cc                . = ALIGN (0x4)

.ARM            0x080054cc        0x0
                0x080054cc                . = ALIGN (0x4)
                0x080054cc                __exidx_start = .
 *(.ARM.exidx*)
                0x080054cc                __exidx_end = .
                0x080054cc                . = ALIGN (0x4)

.preinit_array  0x080054cc        0x0
                0x080054cc                . = ALIGN (0x4)
                0x080054cc                PROVIDE (__preinit_array_start = .)
 *(.preinit_array*)
                0x080054cc                PROVIDE (__preinit_array_end = .)
                0x080054cc                . = ALIGN (0x4)

.init_array     0x080054cc        0x8
                0x080054cc                . = ALIGN (0x4)
                0x080054cc                PROVIDE (__init_array_start = .)
 *(SORT_BY_NAME(.init_array.*))
 .init_array.00000
                0x080054cc        0x4 c:/ac6/systemworkbench/plugins/fr.ac6.mcu.externaltools.arm-none.win32_1.17.0.201812190825/tools/compiler/bin/../lib/gcc/arm-none-eabi/7.3.1/../../../../arm-none-eabi/lib/thumb/v7e-m/fpv4-sp/hard\libc.a(lib_a-__call_atexit.o)
 *(.init_array*)
 .init_array    0x080054d0        0x4 c:/ac6/systemworkbench/plugins/fr.ac6.mcu.externaltools.arm-none.win32_1.17.0.201812190825/tools/compiler/bin/../lib/gcc/arm-none-eabi/7.3.1/thumb/v7e-m/fpv4-sp/hard/crtbegin.o
                0x080054d4                PROVIDE (__init_array_end = .)
                0x080054d4                . = ALIGN (0x4)

.fini_array     0x080054d4        0x4
                0x080054d4                . = ALIGN (0x4)
                0x080054d4                PROVIDE (__fini_array_start = .)
 *(SORT_BY_NAME(.fini_array.*))
 *(.fini_array*)
 .fini_array    0x080054d4        0x4 c:/ac6/systemworkbench/plugins/fr.ac6.mcu.externaltools.arm-none.win32_1.17.0.201812190825/tools/compiler/bin/../lib/gcc/arm-none-eabi/7.3.1/thumb/v7e-m/fpv4-sp/hard/crtbegin.o
                0x080054d8                PROVIDE (__fini_array_end = .)
                0x080054d8                . = ALIGN (0x4)
                0x080054d8                _sidata = LOADADDR (.data)

.data           0x20000000      0x45c load address 0x080054d8
                0x20000000                . = ALIGN (0x4)
                0x20000000                _sdata = .
 *(.data)
 .data          0x20000000       0x10 StdPeriph_Driver/src/stm32f4xx_rcc.o
 .data          0x20000010        0x4 Third-party/FreeRTOS/org/Source/portable/GCC/ARM_CM4F/port.o
 .data          0x20000014        0x1 src/main.o
                0x20000014                UART_ACCESS_KEY
 *fill*         0x20000015        0x3 
 .data          0x20000018       0x14 src/system_stm32f4xx.o
                0x20000018                SystemCoreClock
                0x2000001c                AHBPrescTable
 *(.data*)
 *fill*         0x2000002c        0x4 
 .data.impure_data
                0x20000030      0x428 c:/ac6/systemworkbench/plugins/fr.ac6.mcu.externaltools.arm-none.win32_1.17.0.201812190825/tools/compiler/bin/../lib/gcc/arm-none-eabi/7.3.1/../../../../arm-none-eabi/lib/thumb/v7e-m/fpv4-sp/hard\libc.a(lib_a-impure.o)
 .data.__atexit_recursive_mutex
                0x20000458        0x4 c:/ac6/systemworkbench/plugins/fr.ac6.mcu.externaltools.arm-none.win32_1.17.0.201812190825/tools/compiler/bin/../lib/gcc/arm-none-eabi/7.3.1/../../../../arm-none-eabi/lib/thumb/v7e-m/fpv4-sp/hard\libc.a(lib_a-__call_atexit.o)
                0x20000458                __atexit_recursive_mutex
                0x2000045c                . = ALIGN (0x4)
                0x2000045c                _edata = .

.igot.plt       0x2000045c        0x0 load address 0x08005934
 .igot.plt      0x2000045c        0x0 c:/ac6/systemworkbench/plugins/fr.ac6.mcu.externaltools.arm-none.win32_1.17.0.201812190825/tools/compiler/bin/../lib/gcc/arm-none-eabi/7.3.1/thumb/v7e-m/fpv4-sp/hard/crtbegin.o
                0x2000045c                . = ALIGN (0x4)

.bss            0x2000045c    0x15560 load address 0x08005934
                0x2000045c                _sbss = .
                0x2000045c                __bss_start__ = _sbss
 *(.bss)
 .bss           0x2000045c       0x1c c:/ac6/systemworkbench/plugins/fr.ac6.mcu.externaltools.arm-none.win32_1.17.0.201812190825/tools/compiler/bin/../lib/gcc/arm-none-eabi/7.3.1/thumb/v7e-m/fpv4-sp/hard/crtbegin.o
 .bss           0x20000478      0x104 Third-party/FreeRTOS/org/Source/tasks.o
                0x20000478                pxCurrentTCB
 .bss           0x2000057c       0x3c Third-party/FreeRTOS/org/Source/timers.o
 .bss           0x200005b8        0x8 Third-party/FreeRTOS/org/Source/portable/GCC/ARM_CM4F/port.o
 .bss           0x200005c0    0x12c18 Third-party/FreeRTOS/org/Source/portable/MemMang/heap_4.o
 .bss           0x200131d8       0xa4 Third-party/SEGGER/OS/SEGGER_SYSVIEW_FreeRTOS.o
 .bss           0x2001327c      0x411 Third-party/SEGGER/SEGGER/SEGGER_RTT.o
 *fill*         0x2001368d        0x3 
 .bss           0x20013690     0x211b Third-party/SEGGER/SEGGER/SEGGER_SYSVIEW.o
 *fill*         0x200157ab        0x1 
 .bss           0x200157ac        0x8 src/main.o
                0x200157ac                xTaskHandle1
                0x200157b0                xTaskHandle2
 *(.bss*)
 *(COMMON)
 COMMON         0x200157b4       0x21 c:/ac6/systemworkbench/plugins/fr.ac6.mcu.externaltools.arm-none.win32_1.17.0.201812190825/tools/compiler/bin/../lib/gcc/arm-none-eabi/7.3.1/../../../../arm-none-eabi/lib/thumb/v7e-m/fpv4-sp/hard\libc.a(lib_a-lock.o)
                0x200157b4                __lock___atexit_recursive_mutex
                0x200157b8                __lock___arc4random_mutex
                0x200157bc                __lock___env_recursive_mutex
                0x200157c0                __lock___sinit_recursive_mutex
                0x200157c4                __lock___malloc_recursive_mutex
                0x200157c8                __lock___at_quick_exit_mutex
                0x200157cc                __lock___dd_hash_mutex
                0x200157d0                __lock___tz_mutex
                0x200157d4                __lock___sfp_recursive_mutex
 *fill*         0x200157d5        0x3 
 COMMON         0x200157d8       0x40 Third-party/FreeRTOS/org/Source/queue.o
                0x200157d8                xQueueRegistry
 COMMON         0x20015818       0xa8 Third-party/SEGGER/SEGGER/SEGGER_RTT.o
                0x20015818                _SEGGER_RTT
 COMMON         0x200158c0       0xfa src/main.o
                0x200158c0                usr_msg
                0x200159bc                . = ALIGN (0x4)
 *fill*         0x200159ba        0x2 
                0x200159bc                _ebss = .
                0x200159bc                __bss_end__ = _ebss

._user_heap_stack
                0x200159bc      0x404 load address 0x08005934
                0x200159c0                . = ALIGN (0x8)
 *fill*         0x200159bc        0x4 
                0x200159c0                PROVIDE (end = .)
                [!provide]                PROVIDE (_end = .)
                0x200159c0                . = (. + _Min_Heap_Size)
                0x20015dc0                . = (. + _Min_Stack_Size)
 *fill*         0x200159c0      0x400 
                0x20015dc0                . = ALIGN (0x8)

/DISCARD/
 libc.a(*)
 libm.a(*)
 libgcc.a(*)

.ARM.attributes
                0x00000000       0x30
 *(.ARM.attributes)
 .ARM.attributes
                0x00000000       0x22 c:/ac6/systemworkbench/plugins/fr.ac6.mcu.externaltools.arm-none.win32_1.17.0.201812190825/tools/compiler/bin/../lib/gcc/arm-none-eabi/7.3.1/thumb/v7e-m/fpv4-sp/hard/crti.o
 .ARM.attributes
                0x00000022       0x34 c:/ac6/systemworkbench/plugins/fr.ac6.mcu.externaltools.arm-none.win32_1.17.0.201812190825/tools/compiler/bin/../lib/gcc/arm-none-eabi/7.3.1/thumb/v7e-m/fpv4-sp/hard/crtbegin.o
 .ARM.attributes
                0x00000056       0x34 c:/ac6/systemworkbench/plugins/fr.ac6.mcu.externaltools.arm-none.win32_1.17.0.201812190825/tools/compiler/bin/../lib/gcc/arm-none-eabi/7.3.1/../../../../arm-none-eabi/lib/thumb/v7e-m/fpv4-sp/hard\libc.a(lib_a-impure.o)
 .ARM.attributes
                0x0000008a       0x34 c:/ac6/systemworkbench/plugins/fr.ac6.mcu.externaltools.arm-none.win32_1.17.0.201812190825/tools/compiler/bin/../lib/gcc/arm-none-eabi/7.3.1/../../../../arm-none-eabi/lib/thumb/v7e-m/fpv4-sp/hard\libc.a(lib_a-init.o)
 .ARM.attributes
                0x000000be       0x34 c:/ac6/systemworkbench/plugins/fr.ac6.mcu.externaltools.arm-none.win32_1.17.0.201812190825/tools/compiler/bin/../lib/gcc/arm-none-eabi/7.3.1/../../../../arm-none-eabi/lib/thumb/v7e-m/fpv4-sp/hard\libc.a(lib_a-memset.o)
 .ARM.attributes
                0x000000f2       0x34 c:/ac6/systemworkbench/plugins/fr.ac6.mcu.externaltools.arm-none.win32_1.17.0.201812190825/tools/compiler/bin/../lib/gcc/arm-none-eabi/7.3.1/../../../../arm-none-eabi/lib/thumb/v7e-m/fpv4-sp/hard\libc.a(lib_a-__call_atexit.o)
 .ARM.attributes
                0x00000126       0x34 c:/ac6/systemworkbench/plugins/fr.ac6.mcu.externaltools.arm-none.win32_1.17.0.201812190825/tools/compiler/bin/../lib/gcc/arm-none-eabi/7.3.1/../../../../arm-none-eabi/lib/thumb/v7e-m/fpv4-sp/hard\libc.a(lib_a-atexit.o)
 .ARM.attributes
                0x0000015a       0x34 c:/ac6/systemworkbench/plugins/fr.ac6.mcu.externaltools.arm-none.win32_1.17.0.201812190825/tools/compiler/bin/../lib/gcc/arm-none-eabi/7.3.1/../../../../arm-none-eabi/lib/thumb/v7e-m/fpv4-sp/hard\libc.a(lib_a-fini.o)
 .ARM.attributes
                0x0000018e       0x34 c:/ac6/systemworkbench/plugins/fr.ac6.mcu.externaltools.arm-none.win32_1.17.0.201812190825/tools/compiler/bin/../lib/gcc/arm-none-eabi/7.3.1/../../../../arm-none-eabi/lib/thumb/v7e-m/fpv4-sp/hard\libc.a(lib_a-lock.o)
 .ARM.attributes
                0x000001c2       0x34 c:/ac6/systemworkbench/plugins/fr.ac6.mcu.externaltools.arm-none.win32_1.17.0.201812190825/tools/compiler/bin/../lib/gcc/arm-none-eabi/7.3.1/../../../../arm-none-eabi/lib/thumb/v7e-m/fpv4-sp/hard\libc.a(lib_a-__atexit.o)
 .ARM.attributes
                0x000001f6       0x39 StdPeriph_Driver/src/stm32f4xx_gpio.o
 .ARM.attributes
                0x0000022f       0x39 StdPeriph_Driver/src/stm32f4xx_rcc.o
 .ARM.attributes
                0x00000268       0x39 StdPeriph_Driver/src/stm32f4xx_usart.o
 .ARM.attributes
                0x000002a1       0x39 Third-party/FreeRTOS/org/Source/list.o
 .ARM.attributes
                0x000002da       0x39 Third-party/FreeRTOS/org/Source/queue.o
 .ARM.attributes
                0x00000313       0x39 Third-party/FreeRTOS/org/Source/tasks.o
 .ARM.attributes
                0x0000034c       0x39 Third-party/FreeRTOS/org/Source/timers.o
 .ARM.attributes
                0x00000385       0x39 Third-party/FreeRTOS/org/Source/portable/GCC/ARM_CM4F/port.o
 .ARM.attributes
                0x000003be       0x39 Third-party/FreeRTOS/org/Source/portable/MemMang/heap_4.o
 .ARM.attributes
                0x000003f7       0x39 Third-party/SEGGER/Config/SEGGER_SYSVIEW_Config_FreeRTOS.o
 .ARM.attributes
                0x00000430       0x39 Third-party/SEGGER/OS/SEGGER_SYSVIEW_FreeRTOS.o
 .ARM.attributes
                0x00000469       0x39 Third-party/SEGGER/SEGGER/SEGGER_RTT.o
 .ARM.attributes
                0x000004a2       0x39 Third-party/SEGGER/SEGGER/SEGGER_SYSVIEW.o
 .ARM.attributes
                0x000004db       0x39 src/main.o
 .ARM.attributes
                0x00000514       0x39 src/system_stm32f4xx.o
 .ARM.attributes
                0x0000054d       0x21 startup/startup_stm32.o
 .ARM.attributes
                0x0000056e       0x34 c:/ac6/systemworkbench/plugins/fr.ac6.mcu.externaltools.arm-none.win32_1.17.0.201812190825/tools/compiler/bin/../lib/gcc/arm-none-eabi/7.3.1/../../../../arm-none-eabi/lib/thumb/v7e-m/fpv4-sp/hard\libc.a(lib_a-memcmp.o)
 .ARM.attributes
                0x000005a2       0x20 c:/ac6/systemworkbench/plugins/fr.ac6.mcu.externaltools.arm-none.win32_1.17.0.201812190825/tools/compiler/bin/../lib/gcc/arm-none-eabi/7.3.1/../../../../arm-none-eabi/lib/thumb/v7e-m/fpv4-sp/hard\libc.a(lib_a-memcpy.o)
 .ARM.attributes
                0x000005c2       0x20 c:/ac6/systemworkbench/plugins/fr.ac6.mcu.externaltools.arm-none.win32_1.17.0.201812190825/tools/compiler/bin/../lib/gcc/arm-none-eabi/7.3.1/../../../../arm-none-eabi/lib/thumb/v7e-m/fpv4-sp/hard\libc.a(lib_a-strlen.o)
 .ARM.attributes
                0x000005e2       0x22 c:/ac6/systemworkbench/plugins/fr.ac6.mcu.externaltools.arm-none.win32_1.17.0.201812190825/tools/compiler/bin/../lib/gcc/arm-none-eabi/7.3.1/thumb/v7e-m/fpv4-sp/hard/crtn.o
OUTPUT(STM32_HelloWorld.elf elf32-littlearm)

.debug_frame    0x00000000     0x3894
 .debug_frame   0x00000000       0x2c c:/ac6/systemworkbench/plugins/fr.ac6.mcu.externaltools.arm-none.win32_1.17.0.201812190825/tools/compiler/bin/../lib/gcc/arm-none-eabi/7.3.1/../../../../arm-none-eabi/lib/thumb/v7e-m/fpv4-sp/hard\libc.a(lib_a-init.o)
 .debug_frame   0x0000002c       0x38 c:/ac6/systemworkbench/plugins/fr.ac6.mcu.externaltools.arm-none.win32_1.17.0.201812190825/tools/compiler/bin/../lib/gcc/arm-none-eabi/7.3.1/../../../../arm-none-eabi/lib/thumb/v7e-m/fpv4-sp/hard\libc.a(lib_a-memset.o)
 .debug_frame   0x00000064       0x5c c:/ac6/systemworkbench/plugins/fr.ac6.mcu.externaltools.arm-none.win32_1.17.0.201812190825/tools/compiler/bin/../lib/gcc/arm-none-eabi/7.3.1/../../../../arm-none-eabi/lib/thumb/v7e-m/fpv4-sp/hard\libc.a(lib_a-__call_atexit.o)
 .debug_frame   0x000000c0       0x20 c:/ac6/systemworkbench/plugins/fr.ac6.mcu.externaltools.arm-none.win32_1.17.0.201812190825/tools/compiler/bin/../lib/gcc/arm-none-eabi/7.3.1/../../../../arm-none-eabi/lib/thumb/v7e-m/fpv4-sp/hard\libc.a(lib_a-atexit.o)
 .debug_frame   0x000000e0       0x34 c:/ac6/systemworkbench/plugins/fr.ac6.mcu.externaltools.arm-none.win32_1.17.0.201812190825/tools/compiler/bin/../lib/gcc/arm-none-eabi/7.3.1/../../../../arm-none-eabi/lib/thumb/v7e-m/fpv4-sp/hard\libc.a(lib_a-fini.o)
 .debug_frame   0x00000114       0xb0 c:/ac6/systemworkbench/plugins/fr.ac6.mcu.externaltools.arm-none.win32_1.17.0.201812190825/tools/compiler/bin/../lib/gcc/arm-none-eabi/7.3.1/../../../../arm-none-eabi/lib/thumb/v7e-m/fpv4-sp/hard\libc.a(lib_a-lock.o)
 .debug_frame   0x000001c4       0x34 c:/ac6/systemworkbench/plugins/fr.ac6.mcu.externaltools.arm-none.win32_1.17.0.201812190825/tools/compiler/bin/../lib/gcc/arm-none-eabi/7.3.1/../../../../arm-none-eabi/lib/thumb/v7e-m/fpv4-sp/hard\libc.a(lib_a-__atexit.o)
 .debug_frame   0x000001f8      0x23c StdPeriph_Driver/src/stm32f4xx_gpio.o
 .debug_frame   0x00000434      0x83c StdPeriph_Driver/src/stm32f4xx_rcc.o
 .debug_frame   0x00000c70      0x490 StdPeriph_Driver/src/stm32f4xx_usart.o
 .debug_frame   0x00001100       0xd8 Third-party/FreeRTOS/org/Source/list.o
 .debug_frame   0x000011d8      0x540 Third-party/FreeRTOS/org/Source/queue.o
 .debug_frame   0x00001718      0x8bc Third-party/FreeRTOS/org/Source/tasks.o
 .debug_frame   0x00001fd4      0x368 Third-party/FreeRTOS/org/Source/timers.o
 .debug_frame   0x0000233c      0x1a8 Third-party/FreeRTOS/org/Source/portable/GCC/ARM_CM4F/port.o
 .debug_frame   0x000024e4      0x108 Third-party/FreeRTOS/org/Source/portable/MemMang/heap_4.o
 .debug_frame   0x000025ec       0x48 Third-party/SEGGER/Config/SEGGER_SYSVIEW_Config_FreeRTOS.o
 .debug_frame   0x00002634      0x100 Third-party/SEGGER/OS/SEGGER_SYSVIEW_FreeRTOS.o
 .debug_frame   0x00002734      0x478 Third-party/SEGGER/SEGGER/SEGGER_RTT.o
 .debug_frame   0x00002bac      0xb5c Third-party/SEGGER/SEGGER/SEGGER_SYSVIEW.o
 .debug_frame   0x00003708       0xd8 src/main.o
 .debug_frame   0x000037e0       0x7c src/system_stm32f4xx.o
 .debug_frame   0x0000385c       0x38 c:/ac6/systemworkbench/plugins/fr.ac6.mcu.externaltools.arm-none.win32_1.17.0.201812190825/tools/compiler/bin/../lib/gcc/arm-none-eabi/7.3.1/../../../../arm-none-eabi/lib/thumb/v7e-m/fpv4-sp/hard\libc.a(lib_a-memcmp.o)

.debug_info     0x00000000    0x108e4
 .debug_info    0x00000000      0x62b StdPeriph_Driver/src/stm32f4xx_gpio.o
 .debug_info    0x0000062b      0xe67 StdPeriph_Driver/src/stm32f4xx_rcc.o
 .debug_info    0x00001492      0x9d4 StdPeriph_Driver/src/stm32f4xx_usart.o
 .debug_info    0x00001e66      0xadb Third-party/FreeRTOS/org/Source/list.o
 .debug_info    0x00002941     0x1f3a Third-party/FreeRTOS/org/Source/queue.o
 .debug_info    0x0000487b     0x279d Third-party/FreeRTOS/org/Source/tasks.o
 .debug_info    0x00007018     0x146e Third-party/FreeRTOS/org/Source/timers.o
 .debug_info    0x00008486      0x533 Third-party/FreeRTOS/org/Source/portable/GCC/ARM_CM4F/port.o
 .debug_info    0x000089b9      0xbfc Third-party/FreeRTOS/org/Source/portable/MemMang/heap_4.o
 .debug_info    0x000095b5      0x10f Third-party/SEGGER/Config/SEGGER_SYSVIEW_Config_FreeRTOS.o
 .debug_info    0x000096c4      0xb8d Third-party/SEGGER/OS/SEGGER_SYSVIEW_FreeRTOS.o
 .debug_info    0x0000a251     0x16b9 Third-party/SEGGER/SEGGER/SEGGER_RTT.o
 .debug_info    0x0000b90a     0x3aea Third-party/SEGGER/SEGGER/SEGGER_SYSVIEW.o
 .debug_info    0x0000f3f4      0xebc src/main.o
 .debug_info    0x000102b0      0x612 src/system_stm32f4xx.o
 .debug_info    0x000108c2       0x22 startup/startup_stm32.o

.debug_abbrev   0x00000000     0x22cf
 .debug_abbrev  0x00000000      0x1bf StdPeriph_Driver/src/stm32f4xx_gpio.o
 .debug_abbrev  0x000001bf      0x1d4 StdPeriph_Driver/src/stm32f4xx_rcc.o
 .debug_abbrev  0x00000393      0x187 StdPeriph_Driver/src/stm32f4xx_usart.o
 .debug_abbrev  0x0000051a      0x205 Third-party/FreeRTOS/org/Source/list.o
 .debug_abbrev  0x0000071f      0x352 Third-party/FreeRTOS/org/Source/queue.o
 .debug_abbrev  0x00000a71      0x395 Third-party/FreeRTOS/org/Source/tasks.o
 .debug_abbrev  0x00000e06      0x2fe Third-party/FreeRTOS/org/Source/timers.o
 .debug_abbrev  0x00001104      0x210 Third-party/FreeRTOS/org/Source/portable/GCC/ARM_CM4F/port.o
 .debug_abbrev  0x00001314      0x2d4 Third-party/FreeRTOS/org/Source/portable/MemMang/heap_4.o
 .debug_abbrev  0x000015e8       0xb5 Third-party/SEGGER/Config/SEGGER_SYSVIEW_Config_FreeRTOS.o
 .debug_abbrev  0x0000169d      0x223 Third-party/SEGGER/OS/SEGGER_SYSVIEW_FreeRTOS.o
 .debug_abbrev  0x000018c0      0x2d6 Third-party/SEGGER/SEGGER/SEGGER_RTT.o
 .debug_abbrev  0x00001b96      0x336 Third-party/SEGGER/SEGGER/SEGGER_SYSVIEW.o
 .debug_abbrev  0x00001ecc      0x294 src/main.o
 .debug_abbrev  0x00002160      0x15d src/system_stm32f4xx.o
 .debug_abbrev  0x000022bd       0x12 startup/startup_stm32.o

.debug_aranges  0x00000000      0xcd8
 .debug_aranges
                0x00000000       0x88 StdPeriph_Driver/src/stm32f4xx_gpio.o
 .debug_aranges
                0x00000088      0x1c0 StdPeriph_Driver/src/stm32f4xx_rcc.o
 .debug_aranges
                0x00000248      0x100 StdPeriph_Driver/src/stm32f4xx_usart.o
 .debug_aranges
                0x00000348       0x40 Third-party/FreeRTOS/org/Source/list.o
 .debug_aranges
                0x00000388      0x130 Third-party/FreeRTOS/org/Source/queue.o
 .debug_aranges
                0x000004b8      0x1f8 Third-party/FreeRTOS/org/Source/tasks.o
 .debug_aranges
                0x000006b0       0xd0 Third-party/FreeRTOS/org/Source/timers.o
 .debug_aranges
                0x00000780       0x80 Third-party/FreeRTOS/org/Source/portable/GCC/ARM_CM4F/port.o
 .debug_aranges
                0x00000800       0x50 Third-party/FreeRTOS/org/Source/portable/MemMang/heap_4.o
 .debug_aranges
                0x00000850       0x28 Third-party/SEGGER/Config/SEGGER_SYSVIEW_Config_FreeRTOS.o
 .debug_aranges
                0x00000878       0x48 Third-party/SEGGER/OS/SEGGER_SYSVIEW_FreeRTOS.o
 .debug_aranges
                0x000008c0      0x110 Third-party/SEGGER/SEGGER/SEGGER_RTT.o
 .debug_aranges
                0x000009d0      0x268 Third-party/SEGGER/SEGGER/SEGGER_SYSVIEW.o
 .debug_aranges
                0x00000c38       0x48 src/main.o
 .debug_aranges
                0x00000c80       0x30 src/system_stm32f4xx.o
 .debug_aranges
                0x00000cb0       0x28 startup/startup_stm32.o

.debug_ranges   0x00000000      0xbe0
 .debug_ranges  0x00000000       0x78 StdPeriph_Driver/src/stm32f4xx_gpio.o
 .debug_ranges  0x00000078      0x1b0 StdPeriph_Driver/src/stm32f4xx_rcc.o
 .debug_ranges  0x00000228       0xf0 StdPeriph_Driver/src/stm32f4xx_usart.o
 .debug_ranges  0x00000318       0x30 Third-party/FreeRTOS/org/Source/list.o
 .debug_ranges  0x00000348      0x120 Third-party/FreeRTOS/org/Source/queue.o
 .debug_ranges  0x00000468      0x1e8 Third-party/FreeRTOS/org/Source/tasks.o
 .debug_ranges  0x00000650       0xc0 Third-party/FreeRTOS/org/Source/timers.o
 .debug_ranges  0x00000710       0x70 Third-party/FreeRTOS/org/Source/portable/GCC/ARM_CM4F/port.o
 .debug_ranges  0x00000780       0x40 Third-party/FreeRTOS/org/Source/portable/MemMang/heap_4.o
 .debug_ranges  0x000007c0       0x18 Third-party/SEGGER/Config/SEGGER_SYSVIEW_Config_FreeRTOS.o
 .debug_ranges  0x000007d8       0x38 Third-party/SEGGER/OS/SEGGER_SYSVIEW_FreeRTOS.o
 .debug_ranges  0x00000810      0x100 Third-party/SEGGER/SEGGER/SEGGER_RTT.o
 .debug_ranges  0x00000910      0x258 Third-party/SEGGER/SEGGER/SEGGER_SYSVIEW.o
 .debug_ranges  0x00000b68       0x38 src/main.o
 .debug_ranges  0x00000ba0       0x20 src/system_stm32f4xx.o
 .debug_ranges  0x00000bc0       0x20 startup/startup_stm32.o

.debug_macro    0x00000000     0x2d0e
 .debug_macro   0x00000000      0x1bc StdPeriph_Driver/src/stm32f4xx_gpio.o
 .debug_macro   0x000001bc      0x2f5 StdPeriph_Driver/src/stm32f4xx_gpio.o
 .debug_macro   0x000004b1      0x28b StdPeriph_Driver/src/stm32f4xx_rcc.o
 .debug_macro   0x0000073c      0x1d4 StdPeriph_Driver/src/stm32f4xx_usart.o
 .debug_macro   0x00000910      0x21d StdPeriph_Driver/src/stm32f4xx_usart.o
 .debug_macro   0x00000b2d      0x1ba Third-party/FreeRTOS/org/Source/list.o
 .debug_macro   0x00000ce7      0x244 Third-party/FreeRTOS/org/Source/queue.o
 .debug_macro   0x00000f2b       0x16 Third-party/FreeRTOS/org/Source/queue.o
 .debug_macro   0x00000f41       0x35 Third-party/FreeRTOS/org/Source/queue.o
 .debug_macro   0x00000f76       0x80 Third-party/FreeRTOS/org/Source/queue.o
 .debug_macro   0x00000ff6      0x2ae Third-party/FreeRTOS/org/Source/tasks.o
 .debug_macro   0x000012a4       0x10 Third-party/FreeRTOS/org/Source/tasks.o
 .debug_macro   0x000012b4      0x20f Third-party/FreeRTOS/org/Source/timers.o
 .debug_macro   0x000014c3       0x97 Third-party/FreeRTOS/org/Source/timers.o
 .debug_macro   0x0000155a      0x1d6 Third-party/FreeRTOS/org/Source/portable/GCC/ARM_CM4F/port.o
 .debug_macro   0x00001730      0x1e1 Third-party/FreeRTOS/org/Source/portable/MemMang/heap_4.o
 .debug_macro   0x00001911      0x116 Third-party/SEGGER/Config/SEGGER_SYSVIEW_Config_FreeRTOS.o
 .debug_macro   0x00001a27      0x1d0 Third-party/SEGGER/OS/SEGGER_SYSVIEW_FreeRTOS.o
 .debug_macro   0x00001bf7      0x164 Third-party/SEGGER/SEGGER/SEGGER_RTT.o
 .debug_macro   0x00001d5b       0x4f Third-party/SEGGER/SEGGER/SEGGER_RTT.o
 .debug_macro   0x00001daa      0x115 Third-party/SEGGER/SEGGER/SEGGER_RTT.o
 .debug_macro   0x00001ebf      0x1f8 Third-party/SEGGER/SEGGER/SEGGER_SYSVIEW.o
 .debug_macro   0x000020b7       0x65 Third-party/SEGGER/SEGGER/SEGGER_SYSVIEW.o
 .debug_macro   0x0000211c       0x35 Third-party/SEGGER/SEGGER/SEGGER_SYSVIEW.o
 .debug_macro   0x00002151      0x11b Third-party/SEGGER/SEGGER/SEGGER_SYSVIEW.o
 .debug_macro   0x0000226c      0x3e5 src/main.o
 .debug_macro   0x00002651      0x112 src/main.o
 .debug_macro   0x00002763       0x16 src/main.o
 .debug_macro   0x00002779       0x10 src/main.o
 .debug_macro   0x00002789       0x1c src/main.o
 .debug_macro   0x000027a5       0x52 src/main.o
 .debug_macro   0x000027f7       0x40 src/main.o
 .debug_macro   0x00002837       0x10 src/main.o
 .debug_macro   0x00002847       0x40 src/main.o
 .debug_macro   0x00002887       0xd7 src/main.o
 .debug_macro   0x0000295e       0x1c src/main.o
 .debug_macro   0x0000297a       0x3d src/main.o
 .debug_macro   0x000029b7       0x16 src/main.o
 .debug_macro   0x000029cd      0x16f src/main.o
 .debug_macro   0x00002b3c      0x1d2 src/system_stm32f4xx.o

.debug_line     0x00000000     0x9a1f
 .debug_line    0x00000000      0x774 StdPeriph_Driver/src/stm32f4xx_gpio.o
 .debug_line    0x00000774      0xa68 StdPeriph_Driver/src/stm32f4xx_rcc.o
 .debug_line    0x000011dc      0x8ba StdPeriph_Driver/src/stm32f4xx_usart.o
 .debug_line    0x00001a96      0x68b Third-party/FreeRTOS/org/Source/list.o
 .debug_line    0x00002121      0xff3 Third-party/FreeRTOS/org/Source/queue.o
 .debug_line    0x00003114     0x136a Third-party/FreeRTOS/org/Source/tasks.o
 .debug_line    0x0000447e      0x9fc Third-party/FreeRTOS/org/Source/timers.o
 .debug_line    0x00004e7a      0x7c1 Third-party/FreeRTOS/org/Source/portable/GCC/ARM_CM4F/port.o
 .debug_line    0x0000563b      0x771 Third-party/FreeRTOS/org/Source/portable/MemMang/heap_4.o
 .debug_line    0x00005dac      0x5ac Third-party/SEGGER/Config/SEGGER_SYSVIEW_Config_FreeRTOS.o
 .debug_line    0x00006358      0x71c Third-party/SEGGER/OS/SEGGER_SYSVIEW_FreeRTOS.o
 .debug_line    0x00006a74      0x7c0 Third-party/SEGGER/SEGGER/SEGGER_RTT.o
 .debug_line    0x00007234     0x1693 Third-party/SEGGER/SEGGER/SEGGER_SYSVIEW.o
 .debug_line    0x000088c7      0xa73 src/main.o
 .debug_line    0x0000933a      0x669 src/system_stm32f4xx.o
 .debug_line    0x000099a3       0x7c startup/startup_stm32.o

.debug_str      0x00000000    0x7159d
 .debug_str     0x00000000    0x5eaa5 StdPeriph_Driver/src/stm32f4xx_gpio.o
                              0x5eca4 (size before relaxing)
 .debug_str     0x0005eaa5      0xdb7 StdPeriph_Driver/src/stm32f4xx_rcc.o
                              0x5f7b1 (size before relaxing)
 .debug_str     0x0005f85c      0x53a StdPeriph_Driver/src/stm32f4xx_usart.o
                              0x5efb7 (size before relaxing)
 .debug_str     0x0005fd96     0x9d5c Third-party/FreeRTOS/org/Source/list.o
                               0xdaaa (size before relaxing)
 .debug_str     0x00069af2     0x16bf Third-party/FreeRTOS/org/Source/queue.o
                               0xf15c (size before relaxing)
 .debug_str     0x0006b1b1     0x1c5d Third-party/FreeRTOS/org/Source/tasks.o
                               0xff30 (size before relaxing)
 .debug_str     0x0006ce0e      0x514 Third-party/FreeRTOS/org/Source/timers.o
                               0xf5ad (size before relaxing)
 .debug_str     0x0006d322      0x7fb Third-party/FreeRTOS/org/Source/portable/GCC/ARM_CM4F/port.o
                               0xbc44 (size before relaxing)
 .debug_str     0x0006db1d      0x249 Third-party/FreeRTOS/org/Source/portable/MemMang/heap_4.o
                               0xe29d (size before relaxing)
 .debug_str     0x0006dd66      0x172 Third-party/SEGGER/Config/SEGGER_SYSVIEW_Config_FreeRTOS.o
                               0xa6c5 (size before relaxing)
 .debug_str     0x0006ded8       0xfb Third-party/SEGGER/OS/SEGGER_SYSVIEW_FreeRTOS.o
                               0xe09d (size before relaxing)
 .debug_str     0x0006dfd3      0xdca Third-party/SEGGER/SEGGER/SEGGER_RTT.o
                               0x6dd2 (size before relaxing)
 .debug_str     0x0006ed9d     0x12f7 Third-party/SEGGER/SEGGER/SEGGER_SYSVIEW.o
                               0x8d78 (size before relaxing)
 .debug_str     0x00070094     0x13c5 src/main.o
                              0x6a286 (size before relaxing)
 .debug_str     0x00071459      0x11b src/system_stm32f4xx.o
                              0x5ebf7 (size before relaxing)
 .debug_str     0x00071574       0x29 startup/startup_stm32.o
                                 0x5e (size before relaxing)

.comment        0x00000000       0x7f
 .comment       0x00000000       0x7f StdPeriph_Driver/src/stm32f4xx_gpio.o
                                 0x80 (size before relaxing)
 .comment       0x0000007f       0x80 StdPeriph_Driver/src/stm32f4xx_rcc.o
 .comment       0x0000007f       0x80 StdPeriph_Driver/src/stm32f4xx_usart.o
 .comment       0x0000007f       0x80 Third-party/FreeRTOS/org/Source/list.o
 .comment       0x0000007f       0x80 Third-party/FreeRTOS/org/Source/queue.o
 .comment       0x0000007f       0x80 Third-party/FreeRTOS/org/Source/tasks.o
 .comment       0x0000007f       0x80 Third-party/FreeRTOS/org/Source/timers.o
 .comment       0x0000007f       0x80 Third-party/FreeRTOS/org/Source/portable/GCC/ARM_CM4F/port.o
 .comment       0x0000007f       0x80 Third-party/FreeRTOS/org/Source/portable/MemMang/heap_4.o
 .comment       0x0000007f       0x80 Third-party/SEGGER/Config/SEGGER_SYSVIEW_Config_FreeRTOS.o
 .comment       0x0000007f       0x80 Third-party/SEGGER/OS/SEGGER_SYSVIEW_FreeRTOS.o
 .comment       0x0000007f       0x80 Third-party/SEGGER/SEGGER/SEGGER_RTT.o
 .comment       0x0000007f       0x80 Third-party/SEGGER/SEGGER/SEGGER_SYSVIEW.o
 .comment       0x0000007f       0x80 src/main.o
 .comment       0x0000007f       0x80 src/system_stm32f4xx.o
