Archive member included to satisfy reference by file (symbol)

c:/ac6/systemworkbench/plugins/fr.ac6.mcu.externaltools.arm-none.win32_1.17.0.201812190825/tools/compiler/bin/../lib/gcc/arm-none-eabi/7.3.1/../../../../arm-none-eabi/lib/thumb/v7e-m/fpv4-sp/hard\libc.a(lib_a-errno.o)
                              src/syscalls.o (__errno)
c:/ac6/systemworkbench/plugins/fr.ac6.mcu.externaltools.arm-none.win32_1.17.0.201812190825/tools/compiler/bin/../lib/gcc/arm-none-eabi/7.3.1/../../../../arm-none-eabi/lib/thumb/v7e-m/fpv4-sp/hard\libc.a(lib_a-exit.o)
                              c:/ac6/systemworkbench/plugins/fr.ac6.mcu.externaltools.arm-none.win32_1.17.0.201812190825/tools/compiler/bin/../lib/gcc/arm-none-eabi/7.3.1/../../../../arm-none-eabi/lib/thumb/v7e-m/fpv4-sp/hard/crt0.o (exit)
c:/ac6/systemworkbench/plugins/fr.ac6.mcu.externaltools.arm-none.win32_1.17.0.201812190825/tools/compiler/bin/../lib/gcc/arm-none-eabi/7.3.1/../../../../arm-none-eabi/lib/thumb/v7e-m/fpv4-sp/hard\libc.a(lib_a-impure.o)
                              c:/ac6/systemworkbench/plugins/fr.ac6.mcu.externaltools.arm-none.win32_1.17.0.201812190825/tools/compiler/bin/../lib/gcc/arm-none-eabi/7.3.1/../../../../arm-none-eabi/lib/thumb/v7e-m/fpv4-sp/hard\libc.a(lib_a-exit.o) (_global_impure_ptr)
c:/ac6/systemworkbench/plugins/fr.ac6.mcu.externaltools.arm-none.win32_1.17.0.201812190825/tools/compiler/bin/../lib/gcc/arm-none-eabi/7.3.1/../../../../arm-none-eabi/lib/thumb/v7e-m/fpv4-sp/hard\libc.a(lib_a-init.o)
                              c:/ac6/systemworkbench/plugins/fr.ac6.mcu.externaltools.arm-none.win32_1.17.0.201812190825/tools/compiler/bin/../lib/gcc/arm-none-eabi/7.3.1/../../../../arm-none-eabi/lib/thumb/v7e-m/fpv4-sp/hard/crt0.o (__libc_init_array)
c:/ac6/systemworkbench/plugins/fr.ac6.mcu.externaltools.arm-none.win32_1.17.0.201812190825/tools/compiler/bin/../lib/gcc/arm-none-eabi/7.3.1/../../../../arm-none-eabi/lib/thumb/v7e-m/fpv4-sp/hard\libc.a(lib_a-memcmp.o)
                              Third-party/SEGGER/OS/SEGGER_SYSVIEW_FreeRTOS.o (memcmp)
c:/ac6/systemworkbench/plugins/fr.ac6.mcu.externaltools.arm-none.win32_1.17.0.201812190825/tools/compiler/bin/../lib/gcc/arm-none-eabi/7.3.1/../../../../arm-none-eabi/lib/thumb/v7e-m/fpv4-sp/hard\libc.a(lib_a-memcpy.o)
                              Third-party/FreeRTOS/org/Source/queue.o (memcpy)
c:/ac6/systemworkbench/plugins/fr.ac6.mcu.externaltools.arm-none.win32_1.17.0.201812190825/tools/compiler/bin/../lib/gcc/arm-none-eabi/7.3.1/../../../../arm-none-eabi/lib/thumb/v7e-m/fpv4-sp/hard\libc.a(lib_a-memset.o)
                              c:/ac6/systemworkbench/plugins/fr.ac6.mcu.externaltools.arm-none.win32_1.17.0.201812190825/tools/compiler/bin/../lib/gcc/arm-none-eabi/7.3.1/../../../../arm-none-eabi/lib/thumb/v7e-m/fpv4-sp/hard/crt0.o (memset)
c:/ac6/systemworkbench/plugins/fr.ac6.mcu.externaltools.arm-none.win32_1.17.0.201812190825/tools/compiler/bin/../lib/gcc/arm-none-eabi/7.3.1/../../../../arm-none-eabi/lib/thumb/v7e-m/fpv4-sp/hard\libc.a(lib_a-strlen.o)
                              Third-party/SEGGER/SEGGER/SEGGER_RTT.o (strlen)
c:/ac6/systemworkbench/plugins/fr.ac6.mcu.externaltools.arm-none.win32_1.17.0.201812190825/tools/compiler/bin/../lib/gcc/arm-none-eabi/7.3.1/../../../../arm-none-eabi/lib/thumb/v7e-m/fpv4-sp/hard\libc.a(lib_a-__call_atexit.o)
                              c:/ac6/systemworkbench/plugins/fr.ac6.mcu.externaltools.arm-none.win32_1.17.0.201812190825/tools/compiler/bin/../lib/gcc/arm-none-eabi/7.3.1/../../../../arm-none-eabi/lib/thumb/v7e-m/fpv4-sp/hard\libc.a(lib_a-exit.o) (__call_exitprocs)
c:/ac6/systemworkbench/plugins/fr.ac6.mcu.externaltools.arm-none.win32_1.17.0.201812190825/tools/compiler/bin/../lib/gcc/arm-none-eabi/7.3.1/../../../../arm-none-eabi/lib/thumb/v7e-m/fpv4-sp/hard\libc.a(lib_a-atexit.o)
                              c:/ac6/systemworkbench/plugins/fr.ac6.mcu.externaltools.arm-none.win32_1.17.0.201812190825/tools/compiler/bin/../lib/gcc/arm-none-eabi/7.3.1/../../../../arm-none-eabi/lib/thumb/v7e-m/fpv4-sp/hard\libc.a(lib_a-__call_atexit.o) (atexit)
c:/ac6/systemworkbench/plugins/fr.ac6.mcu.externaltools.arm-none.win32_1.17.0.201812190825/tools/compiler/bin/../lib/gcc/arm-none-eabi/7.3.1/../../../../arm-none-eabi/lib/thumb/v7e-m/fpv4-sp/hard\libc.a(lib_a-fini.o)
                              c:/ac6/systemworkbench/plugins/fr.ac6.mcu.externaltools.arm-none.win32_1.17.0.201812190825/tools/compiler/bin/../lib/gcc/arm-none-eabi/7.3.1/../../../../arm-none-eabi/lib/thumb/v7e-m/fpv4-sp/hard\libc.a(lib_a-__call_atexit.o) (__libc_fini_array)
c:/ac6/systemworkbench/plugins/fr.ac6.mcu.externaltools.arm-none.win32_1.17.0.201812190825/tools/compiler/bin/../lib/gcc/arm-none-eabi/7.3.1/../../../../arm-none-eabi/lib/thumb/v7e-m/fpv4-sp/hard\libc.a(lib_a-lock.o)
[...]
Memory Configuration

Name             Origin             Length             Attributes
RAM              0x20000000         0x00020000         xrw
ROM              0x08000000         0x00100000         xr
*default*        0x00000000         0xffffffff

Linker script and memory map

LOAD c:/ac6/systemworkbench/plugins/fr.ac6.mcu.externaltools.arm-none.win32_1.17.0.201812190825/tools/compiler/bin/../lib/gcc/arm-none-eabi/7.3.1/thumb/v7e-m/fpv4-sp/hard/crti.o
LOAD c:/ac6/systemworkbench/plugins/fr.ac6.mcu.externaltools.arm-none.win32_1.17.0.201812190825/tools/compiler/bin/../lib/gcc/arm-none-eabi/7.3.1/thumb/v7e-m/fpv4-sp/hard/crtbegin.o
LOAD c:/ac6/systemworkbench/plugins/fr.ac6.mcu.externaltools.arm-none.win32_1.17.0.201812190825/tools/compiler/bin/../lib/gcc/arm-none-eabi/7.3.1/../../../../arm-none-eabi/lib/thumb/v7e-m/fpv4-sp/hard/crt0.o
LOAD StdPeriph_Driver/src/misc.o
LOAD StdPeriph_Driver/src/stm32f4xx_adc.o
LOAD StdPeriph_Driver/src/stm32f4xx_can.o
LOAD StdPeriph_Driver/src/stm32f4xx_cec.o
LOAD StdPeriph_Driver/src/stm32f4xx_crc.o
LOAD StdPeriph_Driver/src/stm32f4xx_cryp.o
LOAD StdPeriph_Driver/src/stm32f4xx_cryp_aes.o
LOAD StdPeriph_Driver/src/stm32f4xx_cryp_des.o
LOAD StdPeriph_Driver/src/stm32f4xx_cryp_tdes.o
LOAD StdPeriph_Driver/src/stm32f4xx_dac.o
LOAD StdPeriph_Driver/src/stm32f4xx_dbgmcu.o
LOAD StdPeriph_Driver/src/stm32f4xx_dcmi.o
LOAD StdPeriph_Driver/src/stm32f4xx_dfsdm.o
LOAD StdPeriph_Driver/src/stm32f4xx_dma.o
LOAD StdPeriph_Driver/src/stm32f4xx_dma2d.o
LOAD StdPeriph_Driver/src/stm32f4xx_dsi.o
LOAD StdPeriph_Driver/src/stm32f4xx_exti.o
LOAD StdPeriph_Driver/src/stm32f4xx_flash.o
LOAD StdPeriph_Driver/src/stm32f4xx_flash_ramfunc.o
LOAD StdPeriph_Driver/src/stm32f4xx_fmc.o
LOAD StdPeriph_Driver/src/stm32f4xx_fmip2c.o
LOAD StdPeriph_Driver/src/stm32f4xx_fsmc.o
LOAD StdPeriph_Driver/src/stm32f4xx_gpio.o
LOAD StdPeriph_Driver/src/stm32f4xx_hash.o
LOAD StdPeriph_Driver/src/stm32f4xx_hash_md5.o
LOAD StdPeriph_Driver/src/stm32f4xx_hash_sha1.o
LOAD StdPeriph_Driver/src/stm32f4xx_i2c.o
LOAD StdPeriph_Driver/src/stm32f4xx_iwdg.o
LOAD StdPeriph_Driver/src/stm32f4xx_lptim.o
LOAD StdPeriph_Driver/src/stm32f4xx_ltdc.o
LOAD StdPeriph_Driver/src/stm32f4xx_pwr.o
LOAD StdPeriph_Driver/src/stm32f4xx_qspi.o
LOAD StdPeriph_Driver/src/stm32f4xx_rcc.o
LOAD StdPeriph_Driver/src/stm32f4xx_rng.o
LOAD StdPeriph_Driver/src/stm32f4xx_rtc.o
LOAD StdPeriph_Driver/src/stm32f4xx_sai.o
LOAD StdPeriph_Driver/src/stm32f4xx_sdio.o
LOAD StdPeriph_Driver/src/stm32f4xx_spdifrx.o
LOAD StdPeriph_Driver/src/stm32f4xx_spi.o
LOAD StdPeriph_Driver/src/stm32f4xx_syscfg.o
LOAD StdPeriph_Driver/src/stm32f4xx_tim.o
LOAD StdPeriph_Driver/src/stm32f4xx_usart.o
LOAD StdPeriph_Driver/src/stm32f4xx_wwdg.o
LOAD Third-party/FreeRTOS/org/Source/croutine.o
LOAD Third-party/FreeRTOS/org/Source/event_groups.o
LOAD Third-party/FreeRTOS/org/Source/list.o
LOAD Third-party/FreeRTOS/org/Source/queue.o
LOAD Third-party/FreeRTOS/org/Source/stream_buffer.o
LOAD Third-party/FreeRTOS/org/Source/tasks.o
LOAD Third-party/FreeRTOS/org/Source/timers.o
LOAD Third-party/FreeRTOS/org/Source/portable/GCC/ARM_CM4F/port.o
LOAD Third-party/FreeRTOS/org/Source/portable/MemMang/heap_4.o
LOAD Third-party/SEGGER/Config/SEGGER_SYSVIEW_Config_FreeRTOS.o
LOAD Third-party/SEGGER/OS/SEGGER_SYSVIEW_FreeRTOS.o
LOAD Third-party/SEGGER/SEGGER/SEGGER_RTT.o
LOAD Third-party/SEGGER/SEGGER/SEGGER_SYSVIEW.o
LOAD src/main.o
LOAD src/syscalls.o
LOAD src/system_stm32f4xx.o
LOAD startup/startup_stm32.o
LOAD c:/ac6/systemworkbench/plugins/fr.ac6.mcu.externaltools.arm-none.win32_1.17.0.201812190825/tools/compiler/bin/../lib/gcc/arm-none-eabi/7.3.1/../../../../arm-none-eabi/lib/thumb/v7e-m/fpv4-sp/hard\libm.a
START GROUP
LOAD c:/ac6/systemworkbench/plugins/fr.ac6.mcu.externaltools.arm-none.win32_1.17.0.201812190825/tools/compiler/bin/../lib/gcc/arm-none-eabi/7.3.1/thumb/v7e-m/fpv4-sp/hard\libgcc.a
LOAD c:/ac6/systemworkbench/plugins/fr.ac6.mcu.externaltools.arm-none.win32_1.17.0.201812190825/tools/compiler/bin/../lib/gcc/arm-none-eabi/7.3.1/../../../../arm-none-eabi/lib/thumb/v7e-m/fpv4-sp/hard\libc.a
END GROUP
LOAD c:/ac6/systemworkbench/plugins/fr.ac6.mcu.externaltools.arm-none.win32_1.17.0.201812190825/tools/compiler/bin/../lib/gcc/arm-none-eabi/7.3.1/thumb/v7e-m/fpv4-sp/hard/crtend.o
LOAD c:/ac6/systemworkbench/plugins/fr.ac6.mcu.externaltools.arm-none.win32_1.17.0.201812190825/tools/compiler/bin/../lib/gcc/arm-none-eabi/7.3.1/thumb/v7e-m/fpv4-sp/hard/crtn.o
                0x20020000                _estack = 0x20020000
                0x00000000                _Min_Heap_Size = 0x0
                0x00000400                _Min_Stack_Size = 0x400

.isr_vector     0x08000000      0x1a8
                0x08000000                . = ALIGN (0x4)
 *(.isr_vector)
 .isr_vector    0x08000000      0x1a8 startup/startup_stm32.o
                0x08000000                g_pfnVectors
                0x080001a8                . = ALIGN (0x4)

.text           0x080001b0     0x3e54
                0x080001b0                . = ALIGN (0x4)
 *(.text)
 .text          0x080001b0       0x40 c:/ac6/systemworkbench/plugins/fr.ac6.mcu.externaltools.arm-none.win32_1.17.0.201812190825/tools/compiler/bin/../lib/gcc/arm-none-eabi/7.3.1/thumb/v7e-m/fpv4-sp/hard/crtbegin.o
 .text          0x080001f0      0x134 c:/ac6/systemworkbench/plugins/fr.ac6.mcu.externaltools.arm-none.win32_1.17.0.201812190825/tools/compiler/bin/../lib/gcc/arm-none-eabi/7.3.1/../../../../arm-none-eabi/lib/thumb/v7e-m/fpv4-sp/hard\libc.a(lib_a-memcpy.o)
                0x080001f0                memcpy
 *(.text*)
 .text.GPIO_Init
                0x08000324      0x11c StdPeriph_Driver/src/stm32f4xx_gpio.o
                0x08000324                GPIO_Init
 .text.GPIO_ReadInputDataBit
                0x08000440       0x34 StdPeriph_Driver/src/stm32f4xx_gpio.o
                0x08000440                GPIO_ReadInputDataBit
 .text.GPIO_ToggleBits
                0x08000474       0x24 StdPeriph_Driver/src/stm32f4xx_gpio.o
                0x08000474                GPIO_ToggleBits
 .text.GPIO_PinAFConfig
                0x08000498       0x92 StdPeriph_Driver/src/stm32f4xx_gpio.o
                0x08000498                GPIO_PinAFConfig
 *fill*         0x0800052a        0x2 
 .text.RCC_DeInit
                0x0800052c       0x70 StdPeriph_Driver/src/stm32f4xx_rcc.o
                0x0800052c                RCC_DeInit
 .text.RCC_GetClocksFreq
                0x0800059c      0x150 StdPeriph_Driver/src/stm32f4xx_rcc.o
                0x0800059c                RCC_GetClocksFreq
 .text.RCC_AHB1PeriphClockCmd
                0x080006ec       0x40 StdPeriph_Driver/src/stm32f4xx_rcc.o
                0x080006ec                RCC_AHB1PeriphClockCmd
 .text.RCC_APB1PeriphClockCmd
                0x0800072c       0x40 StdPeriph_Driver/src/stm32f4xx_rcc.o
                0x0800072c                RCC_APB1PeriphClockCmd
 .text.RCC_APB2PeriphClockCmd
                0x0800076c       0x40 StdPeriph_Driver/src/stm32f4xx_rcc.o
                0x0800076c                RCC_APB2PeriphClockCmd
 .text.USART_Init
                0x080007ac      0x174 StdPeriph_Driver/src/stm32f4xx_usart.o
                0x080007ac                USART_Init
 .text.USART_Cmd
                0x08000920       0x40 StdPeriph_Driver/src/stm32f4xx_usart.o
                0x08000920                USART_Cmd
 .text.vListInitialise
                0x08000960       0x40 Third-party/FreeRTOS/org/Source/list.o
                0x08000960                vListInitialise
 .text.vListInitialiseItem
                0x080009a0       0x1a Third-party/FreeRTOS/org/Source/list.o
                0x080009a0                vListInitialiseItem
 .text.vListInsertEnd
                0x080009ba       0x48 Third-party/FreeRTOS/org/Source/list.o
                0x080009ba                vListInsertEnd
 .text.vListInsert
                0x08000a02       0x72 Third-party/FreeRTOS/org/Source/list.o
                0x08000a02                vListInsert
 .text.uxListRemove
                0x08000a74       0x54 Third-party/FreeRTOS/org/Source/list.o
                0x08000a74                uxListRemove
 .text.xTaskCreate
                0x08000ac8       0x82 Third-party/FreeRTOS/org/Source/tasks.o
                0x08000ac8                xTaskCreate
 .text.prvInitialiseNewTask
                0x08000b4a      0x11c Third-party/FreeRTOS/org/Source/tasks.o
 *fill*         0x08000c66        0x2 
 .text.prvAddNewTaskToReadyList
                0x08000c68      0x118 Third-party/FreeRTOS/org/Source/tasks.o
 .text.vTaskStartScheduler
                0x08000d80       0xac Third-party/FreeRTOS/org/Source/tasks.o
                0x08000d80                vTaskStartScheduler
 .text.vTaskSuspendAll
                0x08000e2c       0x1c Third-party/FreeRTOS/org/Source/tasks.o
                0x08000e2c                vTaskSuspendAll
 .text.xTaskResumeAll
                0x08000e48      0x140 Third-party/FreeRTOS/org/Source/tasks.o
                0x08000e48                xTaskResumeAll
 .text.xTaskGetTickCount
                0x08000f88       0x20 Third-party/FreeRTOS/org/Source/tasks.o
                0x08000f88                xTaskGetTickCount
 .text.xTaskGetTickCountFromISR
                0x08000fa8       0x24 Third-party/FreeRTOS/org/Source/tasks.o
                0x08000fa8                xTaskGetTickCountFromISR
 .text.xTaskIncrementTick
                0x08000fcc      0x178 Third-party/FreeRTOS/org/Source/tasks.o
                0x08000fcc                xTaskIncrementTick
 .text.vTaskSwitchContext
                0x08001144       0xd0 Third-party/FreeRTOS/org/Source/tasks.o
                0x08001144                vTaskSwitchContext
 .text.prvIdleTask
                0x08001214       0x30 Third-party/FreeRTOS/org/Source/tasks.o
 .text.prvInitialiseTaskLists
                0x08001244       0x80 Third-party/FreeRTOS/org/Source/tasks.o
 .text.prvCheckTasksWaitingTermination
                0x080012c4       0x58 Third-party/FreeRTOS/org/Source/tasks.o
 .text.prvDeleteTCB
                0x0800131c       0x20 Third-party/FreeRTOS/org/Source/tasks.o
 .text.prvResetNextTaskUnblockTime
                0x0800133c       0x40 Third-party/FreeRTOS/org/Source/tasks.o
 .text.xTaskNotifyWait
                0x0800137c       0xc8 Third-party/FreeRTOS/org/Source/tasks.o
                0x0800137c                xTaskNotifyWait
 .text.xTaskGenericNotify
                0x08001444      0x188 Third-party/FreeRTOS/org/Source/tasks.o
                0x08001444                xTaskGenericNotify
 .text.prvAddCurrentTaskToDelayedList
                0x080015cc       0xf0 Third-party/FreeRTOS/org/Source/tasks.o
 .text.pxPortInitialiseStack
                0x080016bc       0x68 Third-party/FreeRTOS/org/Source/portable/GCC/ARM_CM4F/port.o
                0x080016bc                pxPortInitialiseStack
 .text.prvTaskExitError
                0x08001724       0x54 Third-party/FreeRTOS/org/Source/portable/GCC/ARM_CM4F/port.o
 *fill*         0x08001778        0x8 
 .text.SVC_Handler
                0x08001780       0x28 Third-party/FreeRTOS/org/Source/portable/GCC/ARM_CM4F/port.o
                0x08001780                SVC_Handler
 .text.prvPortStartFirstTask
                0x080017a8       0x28 Third-party/FreeRTOS/org/Source/portable/GCC/ARM_CM4F/port.o
 .text.xPortStartScheduler
                0x080017d0      0x13c Third-party/FreeRTOS/org/Source/portable/GCC/ARM_CM4F/port.o
                0x080017d0                xPortStartScheduler
 .text.vPortEnterCritical
                0x0800190c       0x5c Third-party/FreeRTOS/org/Source/portable/GCC/ARM_CM4F/port.o
                0x0800190c                vPortEnterCritical
 .text.vPortExitCritical
                0x08001968       0x50 Third-party/FreeRTOS/org/Source/portable/GCC/ARM_CM4F/port.o
                0x08001968                vPortExitCritical
 *fill*         0x080019b8        0x8 
 .text.PendSV_Handler
                0x080019c0       0x68 Third-party/FreeRTOS/org/Source/portable/GCC/ARM_CM4F/port.o
                0x080019c0                PendSV_Handler
 .text.SysTick_Handler
                0x08001a28       0x54 Third-party/FreeRTOS/org/Source/portable/GCC/ARM_CM4F/port.o
                0x08001a28                SysTick_Handler
 .text.vPortSetupTimerInterrupt
                0x08001a7c       0x48 Third-party/FreeRTOS/org/Source/portable/GCC/ARM_CM4F/port.o
                0x08001a7c                vPortSetupTimerInterrupt
 .text.vPortEnableVFP
                0x08001ac4       0x14 Third-party/FreeRTOS/org/Source/portable/GCC/ARM_CM4F/port.o
 .text.vPortValidateInterruptPriority
                0x08001ad8       0x7c Third-party/FreeRTOS/org/Source/portable/GCC/ARM_CM4F/port.o
                0x08001ad8                vPortValidateInterruptPriority
 .text.pvPortMalloc
                0x08001b54      0x184 Third-party/FreeRTOS/org/Source/portable/MemMang/heap_4.o
                0x08001b54                pvPortMalloc
 .text.vPortFree
                0x08001cd8       0xb0 Third-party/FreeRTOS/org/Source/portable/MemMang/heap_4.o
                0x08001cd8                vPortFree
 .text.prvHeapInit
                0x08001d88       0xc4 Third-party/FreeRTOS/org/Source/portable/MemMang/heap_4.o
 .text.prvInsertBlockIntoFreeList
                0x08001e4c       0xb4 Third-party/FreeRTOS/org/Source/portable/MemMang/heap_4.o
 .text._cbSendSystemDesc
                0x08001f00       0x1c Third-party/SEGGER/Config/SEGGER_SYSVIEW_Config_FreeRTOS.o
 .text.SEGGER_SYSVIEW_Conf
                0x08001f1c       0x2c Third-party/SEGGER/Config/SEGGER_SYSVIEW_Config_FreeRTOS.o
                0x08001f1c                SEGGER_SYSVIEW_Conf
 .text._cbSendTaskList
                0x08001f48       0x90 Third-party/SEGGER/OS/SEGGER_SYSVIEW_FreeRTOS.o
 .text._cbGetTime
                0x08001fd8       0x76 Third-party/SEGGER/OS/SEGGER_SYSVIEW_FreeRTOS.o
 *fill*         0x0800204e        0x2 
 .text.SYSVIEW_AddTask
                0x08002050       0xd0 Third-party/SEGGER/OS/SEGGER_SYSVIEW_FreeRTOS.o
                0x08002050                SYSVIEW_AddTask
 .text.SYSVIEW_SendTaskInfo
                0x08002120       0x42 Third-party/SEGGER/OS/SEGGER_SYSVIEW_FreeRTOS.o
                0x08002120                SYSVIEW_SendTaskInfo
 *fill*         0x08002162        0x2 
 .text._DoInit  0x08002164       0xa4 Third-party/SEGGER/SEGGER/SEGGER_RTT.o
 .text.SEGGER_RTT_ReadNoLock
                0x08002208      0x104 Third-party/SEGGER/SEGGER/SEGGER_RTT.o
                0x08002208                SEGGER_RTT_ReadNoLock
 .text.SEGGER_RTT_WriteSkipNoLock
                0x0800230c      0x120 Third-party/SEGGER/SEGGER/SEGGER_RTT.o
                0x0800230c                SEGGER_RTT_WriteSkipNoLock
 .text.SEGGER_RTT_ConfigUpBuffer
                0x0800242c       0xd4 Third-party/SEGGER/SEGGER/SEGGER_RTT.o
                0x0800242c                SEGGER_RTT_ConfigUpBuffer
 .text.SEGGER_RTT_ConfigDownBuffer
                0x08002500       0xd4 Third-party/SEGGER/SEGGER/SEGGER_RTT.o
                0x08002500                SEGGER_RTT_ConfigDownBuffer
 .text._EncodeStr
                0x080025d4       0x9a Third-party/SEGGER/SEGGER/SEGGER_SYSVIEW.o
 .text._PreparePacket
                0x0800266e       0x18 Third-party/SEGGER/SEGGER/SEGGER_SYSVIEW.o
 .text._HandleIncomingPacket
                0x08002686       0xb8 Third-party/SEGGER/SEGGER/SEGGER_SYSVIEW.o
 *fill*         0x0800273e        0x2 
 .text._TrySendOverflowPacket
                0x08002740       0xe0 Third-party/SEGGER/SEGGER/SEGGER_SYSVIEW.o
 .text._SendPacket
                0x08002820      0x1a8 Third-party/SEGGER/SEGGER/SEGGER_SYSVIEW.o
 .text.SEGGER_SYSVIEW_Init
                0x080029c8       0x7c Third-party/SEGGER/SEGGER/SEGGER_SYSVIEW.o
                0x080029c8                SEGGER_SYSVIEW_Init
 .text.SEGGER_SYSVIEW_SetRAMBase
                0x08002a44       0x20 Third-party/SEGGER/SEGGER/SEGGER_SYSVIEW.o
                0x08002a44                SEGGER_SYSVIEW_SetRAMBase
 .text.SEGGER_SYSVIEW_RecordVoid
                0x08002a64       0x3c Third-party/SEGGER/SEGGER/SEGGER_SYSVIEW.o
                0x08002a64                SEGGER_SYSVIEW_RecordVoid
 .text.SEGGER_SYSVIEW_RecordU32
                0x08002aa0       0x78 Third-party/SEGGER/SEGGER/SEGGER_SYSVIEW.o
                0x08002aa0                SEGGER_SYSVIEW_RecordU32
 .text.SEGGER_SYSVIEW_RecordU32x2
                0x08002b18       0xb4 Third-party/SEGGER/SEGGER/SEGGER_SYSVIEW.o
                0x08002b18                SEGGER_SYSVIEW_RecordU32x2
 .text.SEGGER_SYSVIEW_RecordU32x4
                0x08002bcc      0x124 Third-party/SEGGER/SEGGER/SEGGER_SYSVIEW.o
                0x08002bcc                SEGGER_SYSVIEW_RecordU32x4
 .text.SEGGER_SYSVIEW_Start
                0x08002cf0      0x178 Third-party/SEGGER/SEGGER/SEGGER_SYSVIEW.o
                0x08002cf0                SEGGER_SYSVIEW_Start
 .text.SEGGER_SYSVIEW_Stop
                0x08002e68       0x4c Third-party/SEGGER/SEGGER/SEGGER_SYSVIEW.o
                0x08002e68                SEGGER_SYSVIEW_Stop
 .text.SEGGER_SYSVIEW_GetSysDesc
                0x08002eb4      0x134 Third-party/SEGGER/SEGGER/SEGGER_SYSVIEW.o
                0x08002eb4                SEGGER_SYSVIEW_GetSysDesc
 .text.SEGGER_SYSVIEW_SendTaskInfo
                0x08002fe8      0x1cc Third-party/SEGGER/SEGGER/SEGGER_SYSVIEW.o
                0x08002fe8                SEGGER_SYSVIEW_SendTaskInfo
 .text.SEGGER_SYSVIEW_SendTaskList
                0x080031b4       0x28 Third-party/SEGGER/SEGGER/SEGGER_SYSVIEW.o
                0x080031b4                SEGGER_SYSVIEW_SendTaskList
 .text.SEGGER_SYSVIEW_SendSysDesc
                0x080031dc       0x48 Third-party/SEGGER/SEGGER/SEGGER_SYSVIEW.o
                0x080031dc                SEGGER_SYSVIEW_SendSysDesc
 .text.SEGGER_SYSVIEW_RecordSystime
                0x08003224       0x60 Third-party/SEGGER/SEGGER/SEGGER_SYSVIEW.o
                0x08003224                SEGGER_SYSVIEW_RecordSystime
 .text.SEGGER_SYSVIEW_RecordEnterISR
                0x08003284       0x84 Third-party/SEGGER/SEGGER/SEGGER_SYSVIEW.o
                0x08003284                SEGGER_SYSVIEW_RecordEnterISR
 .text.SEGGER_SYSVIEW_RecordExitISR
                0x08003308       0x38 Third-party/SEGGER/SEGGER/SEGGER_SYSVIEW.o
                0x08003308                SEGGER_SYSVIEW_RecordExitISR
 .text.SEGGER_SYSVIEW_RecordExitISRToScheduler
                0x08003340       0x38 Third-party/SEGGER/SEGGER/SEGGER_SYSVIEW.o
                0x08003340                SEGGER_SYSVIEW_RecordExitISRToScheduler
 .text.SEGGER_SYSVIEW_OnIdle
                0x08003378       0x38 Third-party/SEGGER/SEGGER/SEGGER_SYSVIEW.o
                0x08003378                SEGGER_SYSVIEW_OnIdle
 .text.SEGGER_SYSVIEW_OnTaskCreate
                0x080033b0       0x88 Third-party/SEGGER/SEGGER/SEGGER_SYSVIEW.o
                0x080033b0                SEGGER_SYSVIEW_OnTaskCreate
 .text.SEGGER_SYSVIEW_OnTaskStartExec
                0x08003438       0x88 Third-party/SEGGER/SEGGER/SEGGER_SYSVIEW.o
                0x08003438                SEGGER_SYSVIEW_OnTaskStartExec
 .text.SEGGER_SYSVIEW_OnTaskStartReady
                0x080034c0       0x88 Third-party/SEGGER/SEGGER/SEGGER_SYSVIEW.o
                0x080034c0                SEGGER_SYSVIEW_OnTaskStartReady
 .text.SEGGER_SYSVIEW_OnTaskStopReady
                0x08003548       0xc0 Third-party/SEGGER/SEGGER/SEGGER_SYSVIEW.o
                0x08003548                SEGGER_SYSVIEW_OnTaskStopReady
 .text.SEGGER_SYSVIEW_ShrinkId
                0x08003608       0x24 Third-party/SEGGER/SEGGER/SEGGER_SYSVIEW.o
                0x08003608                SEGGER_SYSVIEW_ShrinkId
 .text.SEGGER_SYSVIEW_SendModule
                0x0800362c      0x100 Third-party/SEGGER/SEGGER/SEGGER_SYSVIEW.o
                0x0800362c                SEGGER_SYSVIEW_SendModule
 .text.SEGGER_SYSVIEW_SendModuleDescription
                0x0800372c       0x3c Third-party/SEGGER/SEGGER/SEGGER_SYSVIEW.o
                0x0800372c                SEGGER_SYSVIEW_SendModuleDescription
 .text.SEGGER_SYSVIEW_SendNumModules
                0x08003768       0x7c Third-party/SEGGER/SEGGER/SEGGER_SYSVIEW.o
                0x08003768                SEGGER_SYSVIEW_SendNumModules
 .text.SEGGER_SYSVIEW_Warn
                0x080037e4       0xb8 Third-party/SEGGER/SEGGER/SEGGER_SYSVIEW.o
                0x080037e4                SEGGER_SYSVIEW_Warn
 .text.main     0x0800389c       0x74 src/main.o
                0x0800389c                main
 .text.prvSetupHardware
                0x08003910       0x10 src/main.o
 .text.led_task_handler
                0x08003920       0x2c src/main.o
                0x08003920                led_task_handler
 .text.button_handler
                0x0800394c       0x34 src/main.o
                0x0800394c                button_handler
 .text.rtos_delay
                0x08003980       0x40 src/main.o
                0x08003980                rtos_delay
 .text.prvSetupGPIO
                0x080039c0       0x84 src/main.o
 .text.prvSetupUart
                0x08003a44       0x9c src/main.o
 .text.SystemInit
                0x08003ae0       0x6c src/system_stm32f4xx.o
                0x08003ae0                SystemInit
 .text.SystemCoreClockUpdate
                0x08003b4c       0xf8 src/system_stm32f4xx.o
                0x08003b4c                SystemCoreClockUpdate
 .text.SetSysClock
                0x08003c44       0xf8 src/system_stm32f4xx.o
 .text.Reset_Handler
                0x08003d3c       0x50 startup/startup_stm32.o
                0x08003d3c                Reset_Handler
 .text.Default_Handler
                0x08003d8c        0x2 startup/startup_stm32.o
                0x08003d8c                RTC_Alarm_IRQHandler
                0x08003d8c                HASH_RNG_IRQHandler
                0x08003d8c                EXTI2_IRQHandler
                0x08003d8c                TIM8_CC_IRQHandler
                0x08003d8c                DebugMon_Handler
                0x08003d8c                TIM1_CC_IRQHandler
                0x08003d8c                DMA2_Stream5_IRQHandler
                0x08003d8c                HardFault_Handler
                0x08003d8c                DMA1_Stream5_IRQHandler
                0x08003d8c                PVD_IRQHandler
                0x08003d8c                SDIO_IRQHandler
                0x08003d8c                TAMP_STAMP_IRQHandler
                0x08003d8c                NMI_Handler
                0x08003d8c                CAN2_RX1_IRQHandler
                0x08003d8c                EXTI3_IRQHandler
                0x08003d8c                TIM8_TRG_COM_TIM14_IRQHandler
                0x08003d8c                TIM1_UP_TIM10_IRQHandler
                0x08003d8c                TIM8_UP_TIM13_IRQHandler
                0x08003d8c                I2C3_ER_IRQHandler
                0x08003d8c                LCD_TFT_IRQHandler
                0x08003d8c                EXTI0_IRQHandler
                0x08003d8c                I2C2_EV_IRQHandler
                0x08003d8c                DMA1_Stream2_IRQHandler
                0x08003d8c                CAN1_RX0_IRQHandler
                0x08003d8c                FPU_IRQHandler
                0x08003d8c                OTG_HS_WKUP_IRQHandler
                0x08003d8c                UsageFault_Handler
                0x08003d8c                CAN2_SCE_IRQHandler
                0x08003d8c                DMA2_Stream2_IRQHandler
                0x08003d8c                SPI1_IRQHandler
                0x08003d8c                TIM6_DAC_IRQHandler
                0x08003d8c                TIM1_BRK_TIM9_IRQHandler
                0x08003d8c                DCMI_IRQHandler
                0x08003d8c                CAN2_RX0_IRQHandler
                0x08003d8c                DMA2_Stream3_IRQHandler
                0x08003d8c                USART6_IRQHandler
                0x08003d8c                USART3_IRQHandler
                0x08003d8c                CRYP_IRQHandler
                0x08003d8c                CAN1_RX1_IRQHandler
                0x08003d8c                UART5_IRQHandler
                0x08003d8c                DMA2_Stream0_IRQHandler
                0x08003d8c                TIM4_IRQHandler
                0x08003d8c                I2C1_EV_IRQHandler
                0x08003d8c                DMA1_Stream6_IRQHandler
                0x08003d8c                DMA1_Stream1_IRQHandler
                0x08003d8c                UART4_IRQHandler
                0x08003d8c                LCD_TFT_1_IRQHandler
                0x08003d8c                TIM3_IRQHandler
                0x08003d8c                RCC_IRQHandler
                0x08003d8c                TIM8_BRK_TIM12_IRQHandler
                0x08003d8c                Default_Handler
                0x08003d8c                EXTI15_10_IRQHandler
                0x08003d8c                ADC_IRQHandler
                0x08003d8c                DMA1_Stream7_IRQHandler
                0x08003d8c                TIM7_IRQHandler
                0x08003d8c                CAN2_TX_IRQHandler
                0x08003d8c                TIM5_IRQHandler
                0x08003d8c                DMA2_Stream7_IRQHandler
                0x08003d8c                I2C3_EV_IRQHandler
                0x08003d8c                EXTI9_5_IRQHandler
                0x08003d8c                RTC_WKUP_IRQHandler
                0x08003d8c                ETH_WKUP_IRQHandler
                0x08003d8c                SPI2_IRQHandler
                0x08003d8c                OTG_HS_EP1_IN_IRQHandler
                0x08003d8c                MemManage_Handler
                0x08003d8c                DMA1_Stream0_IRQHandler
                0x08003d8c                CAN1_TX_IRQHandler
                0x08003d8c                EXTI4_IRQHandler
                0x08003d8c                FSMC_IRQHandler
                0x08003d8c                ETH_IRQHandler
                0x08003d8c                OTG_HS_EP1_OUT_IRQHandler
                0x08003d8c                WWDG_IRQHandler
                0x08003d8c                TIM2_IRQHandler
                0x08003d8c                OTG_FS_WKUP_IRQHandler
                0x08003d8c                TIM1_TRG_COM_TIM11_IRQHandler
                0x08003d8c                OTG_HS_IRQHandler
                0x08003d8c                EXTI1_IRQHandler
                0x08003d8c                USART2_IRQHandler
                0x08003d8c                I2C2_ER_IRQHandler
                0x08003d8c                DMA2_Stream1_IRQHandler
                0x08003d8c                CAN1_SCE_IRQHandler
                0x08003d8c                DMA2_Stream4_IRQHandler
                0x08003d8c                BusFault_Handler
                0x08003d8c                USART1_IRQHandler
                0x08003d8c                OTG_FS_IRQHandler
                0x08003d8c                SPI3_IRQHandler
                0x08003d8c                DMA1_Stream4_IRQHandler
                0x08003d8c                I2C1_ER_IRQHandler
                0x08003d8c                DMA2_Stream6_IRQHandler
                0x08003d8c                DMA1_Stream3_IRQHandler
 *fill*         0x08003d8e        0x2 
 .text.__libc_init_array
                0x08003d90       0x48 c:/ac6/systemworkbench/plugins/fr.ac6.mcu.externaltools.arm-none.win32_1.17.0.201812190825/tools/compiler/bin/../lib/gcc/arm-none-eabi/7.3.1/../../../../arm-none-eabi/lib/thumb/v7e-m/fpv4-sp/hard\libc.a(lib_a-init.o)
                0x08003d90                __libc_init_array
 .text.memcmp   0x08003dd8       0x64 c:/ac6/systemworkbench/plugins/fr.ac6.mcu.externaltools.arm-none.win32_1.17.0.201812190825/tools/compiler/bin/../lib/gcc/arm-none-eabi/7.3.1/../../../../arm-none-eabi/lib/thumb/v7e-m/fpv4-sp/hard\libc.a(lib_a-memcmp.o)
                0x08003dd8                memcmp
 .text.memset   0x08003e3c       0x94 c:/ac6/systemworkbench/plugins/fr.ac6.mcu.externaltools.arm-none.win32_1.17.0.201812190825/tools/compiler/bin/../lib/gcc/arm-none-eabi/7.3.1/../../../../arm-none-eabi/lib/thumb/v7e-m/fpv4-sp/hard\libc.a(lib_a-memset.o)
                0x08003e3c                memset
 .text.startup.register_fini
                0x08003ed0       0x14 c:/ac6/systemworkbench/plugins/fr.ac6.mcu.externaltools.arm-none.win32_1.17.0.201812190825/tools/compiler/bin/../lib/gcc/arm-none-eabi/7.3.1/../../../../arm-none-eabi/lib/thumb/v7e-m/fpv4-sp/hard\libc.a(lib_a-__call_atexit.o)
 .text.atexit   0x08003ee4        0xc c:/ac6/systemworkbench/plugins/fr.ac6.mcu.externaltools.arm-none.win32_1.17.0.201812190825/tools/compiler/bin/../lib/gcc/arm-none-eabi/7.3.1/../../../../arm-none-eabi/lib/thumb/v7e-m/fpv4-sp/hard\libc.a(lib_a-atexit.o)
                0x08003ee4                atexit
 .text.__libc_fini_array
                0x08003ef0       0x34 c:/ac6/systemworkbench/plugins/fr.ac6.mcu.externaltools.arm-none.win32_1.17.0.201812190825/tools/compiler/bin/../lib/gcc/arm-none-eabi/7.3.1/../../../../arm-none-eabi/lib/thumb/v7e-m/fpv4-sp/hard\libc.a(lib_a-fini.o)
                0x08003ef0                __libc_fini_array
 .text.__retarget_lock_acquire_recursive
                0x08003f24        0x4 c:/ac6/systemworkbench/plugins/fr.ac6.mcu.externaltools.arm-none.win32_1.17.0.201812190825/tools/compiler/bin/../lib/gcc/arm-none-eabi/7.3.1/../../../../arm-none-eabi/lib/thumb/v7e-m/fpv4-sp/hard\libc.a(lib_a-lock.o)
                0x08003f24                __retarget_lock_acquire_recursive
 .text.__retarget_lock_release_recursive
                0x08003f28        0x4 c:/ac6/systemworkbench/plugins/fr.ac6.mcu.externaltools.arm-none.win32_1.17.0.201812190825/tools/compiler/bin/../lib/gcc/arm-none-eabi/7.3.1/../../../../arm-none-eabi/lib/thumb/v7e-m/fpv4-sp/hard\libc.a(lib_a-lock.o)
                0x08003f28                __retarget_lock_release_recursive
 .text.__register_exitproc
                0x08003f2c       0xc0 c:/ac6/systemworkbench/plugins/fr.ac6.mcu.externaltools.arm-none.win32_1.17.0.201812190825/tools/compiler/bin/../lib/gcc/arm-none-eabi/7.3.1/../../../../arm-none-eabi/lib/thumb/v7e-m/fpv4-sp/hard\libc.a(lib_a-__atexit.o)
                0x08003f2c                __register_exitproc
 *(.glue_7)
 .glue_7        0x08003fec        0x0 linker stubs
 *(.glue_7t)
 .glue_7t       0x08003fec        0x0 linker stubs
 *(.eh_frame)
 .eh_frame      0x08003fec        0x0 c:/ac6/systemworkbench/plugins/fr.ac6.mcu.externaltools.arm-none.win32_1.17.0.201812190825/tools/compiler/bin/../lib/gcc/arm-none-eabi/7.3.1/thumb/v7e-m/fpv4-sp/hard/crtbegin.o
 *(.init)
 .init          0x08003fec        0x4 c:/ac6/systemworkbench/plugins/fr.ac6.mcu.externaltools.arm-none.win32_1.17.0.201812190825/tools/compiler/bin/../lib/gcc/arm-none-eabi/7.3.1/thumb/v7e-m/fpv4-sp/hard/crti.o
                0x08003fec                _init
 .init          0x08003ff0        0x8 c:/ac6/systemworkbench/plugins/fr.ac6.mcu.externaltools.arm-none.win32_1.17.0.201812190825/tools/compiler/bin/../lib/gcc/arm-none-eabi/7.3.1/thumb/v7e-m/fpv4-sp/hard/crtn.o
 *(.fini)
 .fini          0x08003ff8        0x4 c:/ac6/systemworkbench/plugins/fr.ac6.mcu.externaltools.arm-none.win32_1.17.0.201812190825/tools/compiler/bin/../lib/gcc/arm-none-eabi/7.3.1/thumb/v7e-m/fpv4-sp/hard/crti.o
                0x08003ff8                _fini
 .fini          0x08003ffc        0x8 c:/ac6/systemworkbench/plugins/fr.ac6.mcu.externaltools.arm-none.win32_1.17.0.201812190825/tools/compiler/bin/../lib/gcc/arm-none-eabi/7.3.1/thumb/v7e-m/fpv4-sp/hard/crtn.o
                0x08004004                . = ALIGN (0x4)
                0x08004004                _etext = .

.vfp11_veneer   0x08004004        0x0
 .vfp11_veneer  0x08004004        0x0 linker stubs

.v4_bx          0x08004004        0x0
 .v4_bx         0x08004004        0x0 linker stubs

.iplt           0x08004004        0x0
 .iplt          0x08004004        0x0 c:/ac6/systemworkbench/plugins/fr.ac6.mcu.externaltools.arm-none.win32_1.17.0.201812190825/tools/compiler/bin/../lib/gcc/arm-none-eabi/7.3.1/thumb/v7e-m/fpv4-sp/hard/crtbegin.o

.rodata         0x08004004      0x114
                0x08004004                . = ALIGN (0x4)
 *(.rodata)
 .rodata        0x08004004        0x5 Third-party/FreeRTOS/org/Source/tasks.o
 *fill*         0x08004009        0x3 
 .rodata        0x0800400c       0x51 Third-party/SEGGER/Config/SEGGER_SYSVIEW_Config_FreeRTOS.o
 *fill*         0x0800405d        0x3 
 .rodata        0x08004060       0x60 Third-party/SEGGER/OS/SEGGER_SYSVIEW_FreeRTOS.o
                0x080040b8                SYSVIEW_X_OS_TraceAPI
 .rodata        0x080040c0       0x17 Third-party/SEGGER/SEGGER/SEGGER_RTT.o
 *fill*         0x080040d7        0x1 
 .rodata        0x080040d8       0x24 Third-party/SEGGER/SEGGER/SEGGER_SYSVIEW.o
 .rodata        0x080040fc       0x18 src/main.o
 *(.rodata*)
 .rodata._global_impure_ptr
                0x08004114        0x4 c:/ac6/systemworkbench/plugins/fr.ac6.mcu.externaltools.arm-none.win32_1.17.0.201812190825/tools/compiler/bin/../lib/gcc/arm-none-eabi/7.3.1/../../../../arm-none-eabi/lib/thumb/v7e-m/fpv4-sp/hard\libc.a(lib_a-impure.o)
                0x08004114                _global_impure_ptr
                0x08004118                . = ALIGN (0x4)

.rel.dyn        0x08004118        0x0
 .rel.iplt      0x08004118        0x0 c:/ac6/systemworkbench/plugins/fr.ac6.mcu.externaltools.arm-none.win32_1.17.0.201812190825/tools/compiler/bin/../lib/gcc/arm-none-eabi/7.3.1/thumb/v7e-m/fpv4-sp/hard/crtbegin.o

.ARM.extab      0x08004118        0x0
                0x08004118                . = ALIGN (0x4)
 *(.ARM.extab* .gnu.linkonce.armextab.*)
                0x08004118                . = ALIGN (0x4)

.ARM            0x08004118        0x0
                0x08004118                . = ALIGN (0x4)
                0x08004118                __exidx_start = .
 *(.ARM.exidx*)
                0x08004118                __exidx_end = .
                0x08004118                . = ALIGN (0x4)

.preinit_array  0x08004118        0x0
                0x08004118                . = ALIGN (0x4)
                0x08004118                PROVIDE (__preinit_array_start = .)
 *(.preinit_array*)
                0x08004118                PROVIDE (__preinit_array_end = .)
                0x08004118                . = ALIGN (0x4)

.init_array     0x08004118        0x8
                0x08004118                . = ALIGN (0x4)
                0x08004118                PROVIDE (__init_array_start = .)
 *(SORT_BY_NAME(.init_array.*))
 .init_array.00000
                0x08004118        0x4 c:/ac6/systemworkbench/plugins/fr.ac6.mcu.externaltools.arm-none.win32_1.17.0.201812190825/tools/compiler/bin/../lib/gcc/arm-none-eabi/7.3.1/../../../../arm-none-eabi/lib/thumb/v7e-m/fpv4-sp/hard\libc.a(lib_a-__call_atexit.o)
 *(.init_array*)
 .init_array    0x0800411c        0x4 c:/ac6/systemworkbench/plugins/fr.ac6.mcu.externaltools.arm-none.win32_1.17.0.201812190825/tools/compiler/bin/../lib/gcc/arm-none-eabi/7.3.1/thumb/v7e-m/fpv4-sp/hard/crtbegin.o
                0x08004120                PROVIDE (__init_array_end = .)
                0x08004120                . = ALIGN (0x4)

.fini_array     0x08004120        0x4
                0x08004120                . = ALIGN (0x4)
                0x08004120                PROVIDE (__fini_array_start = .)
 *(SORT_BY_NAME(.fini_array.*))
 *(.fini_array*)
 .fini_array    0x08004120        0x4 c:/ac6/systemworkbench/plugins/fr.ac6.mcu.externaltools.arm-none.win32_1.17.0.201812190825/tools/compiler/bin/../lib/gcc/arm-none-eabi/7.3.1/thumb/v7e-m/fpv4-sp/hard/crtbegin.o
                0x08004124                PROVIDE (__fini_array_end = .)
                0x08004124                . = ALIGN (0x4)
                0x08004124                _sidata = LOADADDR (.data)

.data           0x20000000      0x454 load address 0x08004124
                0x20000000                . = ALIGN (0x4)
                0x20000000                _sdata = .
 *(.data)
 .data          0x20000000       0x10 StdPeriph_Driver/src/stm32f4xx_rcc.o
 .data          0x20000010        0x4 Third-party/FreeRTOS/org/Source/portable/GCC/ARM_CM4F/port.o
 .data          0x20000014       0x14 src/system_stm32f4xx.o
                0x20000014                SystemCoreClock
                0x20000018                AHBPrescTable
 *(.data*)
 .data.impure_data
                0x20000028      0x428 c:/ac6/systemworkbench/plugins/fr.ac6.mcu.externaltools.arm-none.win32_1.17.0.201812190825/tools/compiler/bin/../lib/gcc/arm-none-eabi/7.3.1/../../../../arm-none-eabi/lib/thumb/v7e-m/fpv4-sp/hard\libc.a(lib_a-impure.o)
 .data.__atexit_recursive_mutex
                0x20000450        0x4 c:/ac6/systemworkbench/plugins/fr.ac6.mcu.externaltools.arm-none.win32_1.17.0.201812190825/tools/compiler/bin/../lib/gcc/arm-none-eabi/7.3.1/../../../../arm-none-eabi/lib/thumb/v7e-m/fpv4-sp/hard\libc.a(lib_a-__call_atexit.o)
                0x20000450                __atexit_recursive_mutex
                0x20000454                . = ALIGN (0x4)
                0x20000454                _edata = .

.igot.plt       0x20000454        0x0 load address 0x08004578
 .igot.plt      0x20000454        0x0 c:/ac6/systemworkbench/plugins/fr.ac6.mcu.externaltools.arm-none.win32_1.17.0.201812190825/tools/compiler/bin/../lib/gcc/arm-none-eabi/7.3.1/thumb/v7e-m/fpv4-sp/hard/crtbegin.o
                0x20000454                . = ALIGN (0x4)

.bss            0x20000454    0x153e8 load address 0x08004578
                0x20000454                _sbss = .
                0x20000454                __bss_start__ = _sbss
 *(.bss)
 .bss           0x20000454       0x1c c:/ac6/systemworkbench/plugins/fr.ac6.mcu.externaltools.arm-none.win32_1.17.0.201812190825/tools/compiler/bin/../lib/gcc/arm-none-eabi/7.3.1/thumb/v7e-m/fpv4-sp/hard/crtbegin.o
 .bss           0x20000470      0x104 Third-party/FreeRTOS/org/Source/tasks.o
                0x20000470                pxCurrentTCB
 .bss           0x20000574        0x8 Third-party/FreeRTOS/org/Source/portable/GCC/ARM_CM4F/port.o
 .bss           0x2000057c    0x12c18 Third-party/FreeRTOS/org/Source/portable/MemMang/heap_4.o
 .bss           0x20013194       0xa4 Third-party/SEGGER/OS/SEGGER_SYSVIEW_FreeRTOS.o
 .bss           0x20013238      0x411 Third-party/SEGGER/SEGGER/SEGGER_RTT.o
 *fill*         0x20013649        0x3 
 .bss           0x2001364c     0x211b Third-party/SEGGER/SEGGER/SEGGER_SYSVIEW.o
 *fill*         0x20015767        0x1 
 .bss           0x20015768        0x8 src/main.o
                0x20015768                xTaskHandle1
                0x2001576c                xTaskHandle2
 *(.bss*)
 *(COMMON)
 COMMON         0x20015770       0xa8 Third-party/SEGGER/SEGGER/SEGGER_RTT.o
                0x20015770                _SEGGER_RTT
 COMMON         0x20015818       0x21 c:/ac6/systemworkbench/plugins/fr.ac6.mcu.externaltools.arm-none.win32_1.17.0.201812190825/tools/compiler/bin/../lib/gcc/arm-none-eabi/7.3.1/../../../../arm-none-eabi/lib/thumb/v7e-m/fpv4-sp/hard\libc.a(lib_a-lock.o)
                0x20015818                __lock___atexit_recursive_mutex
                0x2001581c                __lock___arc4random_mutex
                0x20015820                __lock___env_recursive_mutex
                0x20015824                __lock___sinit_recursive_mutex
                0x20015828                __lock___malloc_recursive_mutex
                0x2001582c                __lock___at_quick_exit_mutex
                0x20015830                __lock___dd_hash_mutex
                0x20015834                __lock___tz_mutex
                0x20015838                __lock___sfp_recursive_mutex
                0x2001583c                . = ALIGN (0x4)
 *fill*         0x20015839        0x3 
                0x2001583c                _ebss = .
                0x2001583c                __bss_end__ = _ebss

._user_heap_stack
                0x2001583c      0x404 load address 0x08004578
                0x20015840                . = ALIGN (0x8)
 *fill*         0x2001583c        0x4 
                0x20015840                PROVIDE (end = .)
                [!provide]                PROVIDE (_end = .)
                0x20015840                . = (. + _Min_Heap_Size)
                0x20015c40                . = (. + _Min_Stack_Size)
 *fill*         0x20015840      0x400 
                0x20015c40                . = ALIGN (0x8)

/DISCARD/
 libc.a(*)
 libm.a(*)
 libgcc.a(*)

.ARM.attributes
                0x00000000       0x30
 *(.ARM.attributes)
 .ARM.attributes
                0x00000000       0x22 c:/ac6/systemworkbench/plugins/fr.ac6.mcu.externaltools.arm-none.win32_1.17.0.201812190825/tools/compiler/bin/../lib/gcc/arm-none-eabi/7.3.1/thumb/v7e-m/fpv4-sp/hard/crti.o
 .ARM.attributes
                0x00000022       0x34 c:/ac6/systemworkbench/plugins/fr.ac6.mcu.externaltools.arm-none.win32_1.17.0.201812190825/tools/compiler/bin/../lib/gcc/arm-none-eabi/7.3.1/thumb/v7e-m/fpv4-sp/hard/crtbegin.o
 .ARM.attributes
                0x00000056       0x39 StdPeriph_Driver/src/stm32f4xx_gpio.o
 .ARM.attributes
                0x0000008f       0x39 StdPeriph_Driver/src/stm32f4xx_rcc.o
 .ARM.attributes
                0x000000c8       0x39 StdPeriph_Driver/src/stm32f4xx_usart.o
 .ARM.attributes
                0x00000101       0x39 Third-party/FreeRTOS/org/Source/list.o
 .ARM.attributes
                0x0000013a       0x39 Third-party/FreeRTOS/org/Source/tasks.o
 .ARM.attributes
                0x00000173       0x39 Third-party/FreeRTOS/org/Source/portable/GCC/ARM_CM4F/port.o
 .ARM.attributes
                0x000001ac       0x39 Third-party/FreeRTOS/org/Source/portable/MemMang/heap_4.o
 .ARM.attributes
                0x000001e5       0x39 Third-party/SEGGER/Config/SEGGER_SYSVIEW_Config_FreeRTOS.o
 .ARM.attributes
                0x0000021e       0x39 Third-party/SEGGER/OS/SEGGER_SYSVIEW_FreeRTOS.o
 .ARM.attributes
                0x00000257       0x39 Third-party/SEGGER/SEGGER/SEGGER_RTT.o
 .ARM.attributes
                0x00000290       0x39 Third-party/SEGGER/SEGGER/SEGGER_SYSVIEW.o
 .ARM.attributes
                0x000002c9       0x39 src/main.o
 .ARM.attributes
                0x00000302       0x39 src/system_stm32f4xx.o
 .ARM.attributes
                0x0000033b       0x21 startup/startup_stm32.o
 .ARM.attributes
                0x0000035c       0x34 c:/ac6/systemworkbench/plugins/fr.ac6.mcu.externaltools.arm-none.win32_1.17.0.201812190825/tools/compiler/bin/../lib/gcc/arm-none-eabi/7.3.1/../../../../arm-none-eabi/lib/thumb/v7e-m/fpv4-sp/hard\libc.a(lib_a-impure.o)
 .ARM.attributes
                0x00000390       0x34 c:/ac6/systemworkbench/plugins/fr.ac6.mcu.externaltools.arm-none.win32_1.17.0.201812190825/tools/compiler/bin/../lib/gcc/arm-none-eabi/7.3.1/../../../../arm-none-eabi/lib/thumb/v7e-m/fpv4-sp/hard\libc.a(lib_a-init.o)
 .ARM.attributes
                0x000003c4       0x34 c:/ac6/systemworkbench/plugins/fr.ac6.mcu.externaltools.arm-none.win32_1.17.0.201812190825/tools/compiler/bin/../lib/gcc/arm-none-eabi/7.3.1/../../../../arm-none-eabi/lib/thumb/v7e-m/fpv4-sp/hard\libc.a(lib_a-memcmp.o)
 .ARM.attributes
                0x000003f8       0x20 c:/ac6/systemworkbench/plugins/fr.ac6.mcu.externaltools.arm-none.win32_1.17.0.201812190825/tools/compiler/bin/../lib/gcc/arm-none-eabi/7.3.1/../../../../arm-none-eabi/lib/thumb/v7e-m/fpv4-sp/hard\libc.a(lib_a-memcpy.o)
 .ARM.attributes
                0x00000418       0x34 c:/ac6/systemworkbench/plugins/fr.ac6.mcu.externaltools.arm-none.win32_1.17.0.201812190825/tools/compiler/bin/../lib/gcc/arm-none-eabi/7.3.1/../../../../arm-none-eabi/lib/thumb/v7e-m/fpv4-sp/hard\libc.a(lib_a-memset.o)
 .ARM.attributes
                0x0000044c       0x34 c:/ac6/systemworkbench/plugins/fr.ac6.mcu.externaltools.arm-none.win32_1.17.0.201812190825/tools/compiler/bin/../lib/gcc/arm-none-eabi/7.3.1/../../../../arm-none-eabi/lib/thumb/v7e-m/fpv4-sp/hard\libc.a(lib_a-__call_atexit.o)
 .ARM.attributes
                0x00000480       0x34 c:/ac6/systemworkbench/plugins/fr.ac6.mcu.externaltools.arm-none.win32_1.17.0.201812190825/tools/compiler/bin/../lib/gcc/arm-none-eabi/7.3.1/../../../../arm-none-eabi/lib/thumb/v7e-m/fpv4-sp/hard\libc.a(lib_a-atexit.o)
 .ARM.attributes
                0x000004b4       0x34 c:/ac6/systemworkbench/plugins/fr.ac6.mcu.externaltools.arm-none.win32_1.17.0.201812190825/tools/compiler/bin/../lib/gcc/arm-none-eabi/7.3.1/../../../../arm-none-eabi/lib/thumb/v7e-m/fpv4-sp/hard\libc.a(lib_a-fini.o)
 .ARM.attributes
                0x000004e8       0x34 c:/ac6/systemworkbench/plugins/fr.ac6.mcu.externaltools.arm-none.win32_1.17.0.201812190825/tools/compiler/bin/../lib/gcc/arm-none-eabi/7.3.1/../../../../arm-none-eabi/lib/thumb/v7e-m/fpv4-sp/hard\libc.a(lib_a-lock.o)
 .ARM.attributes
                0x0000051c       0x34 c:/ac6/systemworkbench/plugins/fr.ac6.mcu.externaltools.arm-none.win32_1.17.0.201812190825/tools/compiler/bin/../lib/gcc/arm-none-eabi/7.3.1/../../../../arm-none-eabi/lib/thumb/v7e-m/fpv4-sp/hard\libc.a(lib_a-__atexit.o)
 .ARM.attributes
                0x00000550       0x22 c:/ac6/systemworkbench/plugins/fr.ac6.mcu.externaltools.arm-none.win32_1.17.0.201812190825/tools/compiler/bin/../lib/gcc/arm-none-eabi/7.3.1/thumb/v7e-m/fpv4-sp/hard/crtn.o
OUTPUT(STM32_FreeRTOS_LED_and_Button_Notify.elf elf32-littlearm)

.debug_info     0x00000000     0xd54e
 .debug_info    0x00000000      0x62b StdPeriph_Driver/src/stm32f4xx_gpio.o
 .debug_info    0x0000062b      0xe67 StdPeriph_Driver/src/stm32f4xx_rcc.o
 .debug_info    0x00001492      0x9d4 StdPeriph_Driver/src/stm32f4xx_usart.o
 .debug_info    0x00001e66      0xadb Third-party/FreeRTOS/org/Source/list.o
 .debug_info    0x00002941     0x270c Third-party/FreeRTOS/org/Source/tasks.o
 .debug_info    0x0000504d      0x533 Third-party/FreeRTOS/org/Source/portable/GCC/ARM_CM4F/port.o
 .debug_info    0x00005580      0xbfc Third-party/FreeRTOS/org/Source/portable/MemMang/heap_4.o
 .debug_info    0x0000617c      0x10f Third-party/SEGGER/Config/SEGGER_SYSVIEW_Config_FreeRTOS.o
 .debug_info    0x0000628b      0xb8d Third-party/SEGGER/OS/SEGGER_SYSVIEW_FreeRTOS.o
 .debug_info    0x00006e18     0x16b9 Third-party/SEGGER/SEGGER/SEGGER_RTT.o
 .debug_info    0x000084d1     0x3aea Third-party/SEGGER/SEGGER/SEGGER_SYSVIEW.o
 .debug_info    0x0000bfbb      0xf5f src/main.o
 .debug_info    0x0000cf1a      0x612 src/system_stm32f4xx.o
 .debug_info    0x0000d52c       0x22 startup/startup_stm32.o

.debug_abbrev   0x00000000     0x1c7f
 .debug_abbrev  0x00000000      0x1bf StdPeriph_Driver/src/stm32f4xx_gpio.o
 .debug_abbrev  0x000001bf      0x1d4 StdPeriph_Driver/src/stm32f4xx_rcc.o
 .debug_abbrev  0x00000393      0x187 StdPeriph_Driver/src/stm32f4xx_usart.o
 .debug_abbrev  0x0000051a      0x205 Third-party/FreeRTOS/org/Source/list.o
 .debug_abbrev  0x0000071f      0x395 Third-party/FreeRTOS/org/Source/tasks.o
 .debug_abbrev  0x00000ab4      0x210 Third-party/FreeRTOS/org/Source/portable/GCC/ARM_CM4F/port.o
 .debug_abbrev  0x00000cc4      0x2d4 Third-party/FreeRTOS/org/Source/portable/MemMang/heap_4.o
 .debug_abbrev  0x00000f98       0xb5 Third-party/SEGGER/Config/SEGGER_SYSVIEW_Config_FreeRTOS.o
 .debug_abbrev  0x0000104d      0x223 Third-party/SEGGER/OS/SEGGER_SYSVIEW_FreeRTOS.o
 .debug_abbrev  0x00001270      0x2d6 Third-party/SEGGER/SEGGER/SEGGER_RTT.o
 .debug_abbrev  0x00001546      0x336 Third-party/SEGGER/SEGGER/SEGGER_SYSVIEW.o
 .debug_abbrev  0x0000187c      0x294 src/main.o
 .debug_abbrev  0x00001b10      0x15d src/system_stm32f4xx.o
 .debug_abbrev  0x00001c6d       0x12 startup/startup_stm32.o

.debug_aranges  0x00000000      0xad8
 .debug_aranges
                0x00000000       0x88 StdPeriph_Driver/src/stm32f4xx_gpio.o
 .debug_aranges
                0x00000088      0x1c0 StdPeriph_Driver/src/stm32f4xx_rcc.o
 .debug_aranges
                0x00000248      0x100 StdPeriph_Driver/src/stm32f4xx_usart.o
 .debug_aranges
                0x00000348       0x40 Third-party/FreeRTOS/org/Source/list.o
 .debug_aranges
                0x00000388      0x1e8 Third-party/FreeRTOS/org/Source/tasks.o
 .debug_aranges
                0x00000570       0x80 Third-party/FreeRTOS/org/Source/portable/GCC/ARM_CM4F/port.o
 .debug_aranges
                0x000005f0       0x50 Third-party/FreeRTOS/org/Source/portable/MemMang/heap_4.o
 .debug_aranges
                0x00000640       0x28 Third-party/SEGGER/Config/SEGGER_SYSVIEW_Config_FreeRTOS.o
 .debug_aranges
                0x00000668       0x48 Third-party/SEGGER/OS/SEGGER_SYSVIEW_FreeRTOS.o
 .debug_aranges
                0x000006b0      0x110 Third-party/SEGGER/SEGGER/SEGGER_RTT.o
 .debug_aranges
                0x000007c0      0x268 Third-party/SEGGER/SEGGER/SEGGER_SYSVIEW.o
 .debug_aranges
                0x00000a28       0x58 src/main.o
 .debug_aranges
                0x00000a80       0x30 src/system_stm32f4xx.o
 .debug_aranges
                0x00000ab0       0x28 startup/startup_stm32.o

.debug_ranges   0x00000000      0xa00
 .debug_ranges  0x00000000       0x78 StdPeriph_Driver/src/stm32f4xx_gpio.o
 .debug_ranges  0x00000078      0x1b0 StdPeriph_Driver/src/stm32f4xx_rcc.o
 .debug_ranges  0x00000228       0xf0 StdPeriph_Driver/src/stm32f4xx_usart.o
 .debug_ranges  0x00000318       0x30 Third-party/FreeRTOS/org/Source/list.o
 .debug_ranges  0x00000348      0x1d8 Third-party/FreeRTOS/org/Source/tasks.o
 .debug_ranges  0x00000520       0x70 Third-party/FreeRTOS/org/Source/portable/GCC/ARM_CM4F/port.o
 .debug_ranges  0x00000590       0x40 Third-party/FreeRTOS/org/Source/portable/MemMang/heap_4.o
 .debug_ranges  0x000005d0       0x18 Third-party/SEGGER/Config/SEGGER_SYSVIEW_Config_FreeRTOS.o
 .debug_ranges  0x000005e8       0x38 Third-party/SEGGER/OS/SEGGER_SYSVIEW_FreeRTOS.o
 .debug_ranges  0x00000620      0x100 Third-party/SEGGER/SEGGER/SEGGER_RTT.o
 .debug_ranges  0x00000720      0x258 Third-party/SEGGER/SEGGER/SEGGER_SYSVIEW.o
 .debug_ranges  0x00000978       0x48 src/main.o
 .debug_ranges  0x000009c0       0x20 src/system_stm32f4xx.o
 .debug_ranges  0x000009e0       0x20 startup/startup_stm32.o

.debug_macro    0x00000000     0x2759
 .debug_macro   0x00000000      0x1bc StdPeriph_Driver/src/stm32f4xx_gpio.o
 .debug_macro   0x000001bc      0x2f5 StdPeriph_Driver/src/stm32f4xx_gpio.o
 .debug_macro   0x000004b1      0x28b StdPeriph_Driver/src/stm32f4xx_rcc.o
 .debug_macro   0x0000073c      0x1d4 StdPeriph_Driver/src/stm32f4xx_usart.o
 .debug_macro   0x00000910      0x21d StdPeriph_Driver/src/stm32f4xx_usart.o
 .debug_macro   0x00000b2d      0x1ba Third-party/FreeRTOS/org/Source/list.o
 .debug_macro   0x00000ce7      0x2ae Third-party/FreeRTOS/org/Source/tasks.o
 .debug_macro   0x00000f95       0x10 Third-party/FreeRTOS/org/Source/tasks.o
 .debug_macro   0x00000fa5      0x1d6 Third-party/FreeRTOS/org/Source/portable/GCC/ARM_CM4F/port.o
 .debug_macro   0x0000117b      0x1e1 Third-party/FreeRTOS/org/Source/portable/MemMang/heap_4.o
 .debug_macro   0x0000135c      0x116 Third-party/SEGGER/Config/SEGGER_SYSVIEW_Config_FreeRTOS.o
 .debug_macro   0x00001472      0x1d0 Third-party/SEGGER/OS/SEGGER_SYSVIEW_FreeRTOS.o
 .debug_macro   0x00001642      0x164 Third-party/SEGGER/SEGGER/SEGGER_RTT.o
 .debug_macro   0x000017a6       0x4f Third-party/SEGGER/SEGGER/SEGGER_RTT.o
 .debug_macro   0x000017f5      0x115 Third-party/SEGGER/SEGGER/SEGGER_RTT.o
 .debug_macro   0x0000190a      0x1f8 Third-party/SEGGER/SEGGER/SEGGER_SYSVIEW.o
 .debug_macro   0x00001b02       0x65 Third-party/SEGGER/SEGGER/SEGGER_SYSVIEW.o
 .debug_macro   0x00001b67       0x35 Third-party/SEGGER/SEGGER/SEGGER_SYSVIEW.o
 .debug_macro   0x00001b9c      0x11b Third-party/SEGGER/SEGGER/SEGGER_SYSVIEW.o
 .debug_macro   0x00001cb7      0x3e5 src/main.o
 .debug_macro   0x0000209c      0x112 src/main.o
 .debug_macro   0x000021ae       0x16 src/main.o
 .debug_macro   0x000021c4       0x10 src/main.o
 .debug_macro   0x000021d4       0x1c src/main.o
 .debug_macro   0x000021f0       0x52 src/main.o
 .debug_macro   0x00002242       0x40 src/main.o
 .debug_macro   0x00002282       0x10 src/main.o
 .debug_macro   0x00002292       0x40 src/main.o
 .debug_macro   0x000022d2       0xd7 src/main.o
 .debug_macro   0x000023a9       0x1c src/main.o
 .debug_macro   0x000023c5       0x3d src/main.o
 .debug_macro   0x00002402       0x16 src/main.o
 .debug_macro   0x00002418      0x16f src/main.o
 .debug_macro   0x00002587      0x1d2 src/system_stm32f4xx.o

.debug_line     0x00000000     0x84b8
 .debug_line    0x00000000      0x7b0 StdPeriph_Driver/src/stm32f4xx_gpio.o
 .debug_line    0x000007b0      0xaa4 StdPeriph_Driver/src/stm32f4xx_rcc.o
 .debug_line    0x00001254      0x8f6 StdPeriph_Driver/src/stm32f4xx_usart.o
 .debug_line    0x00001b4a      0x703 Third-party/FreeRTOS/org/Source/list.o
 .debug_line    0x0000224d     0x139a Third-party/FreeRTOS/org/Source/tasks.o
 .debug_line    0x000035e7      0x83a Third-party/FreeRTOS/org/Source/portable/GCC/ARM_CM4F/port.o
 .debug_line    0x00003e21      0x7e9 Third-party/FreeRTOS/org/Source/portable/MemMang/heap_4.o
 .debug_line    0x0000460a      0x624 Third-party/SEGGER/Config/SEGGER_SYSVIEW_Config_FreeRTOS.o
 .debug_line    0x00004c2e      0x794 Third-party/SEGGER/OS/SEGGER_SYSVIEW_FreeRTOS.o
 .debug_line    0x000053c2      0x7d4 Third-party/SEGGER/SEGGER/SEGGER_RTT.o
 .debug_line    0x00005b96     0x16a7 Third-party/SEGGER/SEGGER/SEGGER_SYSVIEW.o
 .debug_line    0x0000723d      0xb5a src/main.o
 .debug_line    0x00007d97      0x6a5 src/system_stm32f4xx.o
 .debug_line    0x0000843c       0x7c startup/startup_stm32.o

.debug_str      0x00000000    0x701da
 .debug_str     0x00000000    0x5eab9 StdPeriph_Driver/src/stm32f4xx_gpio.o
                              0x5ecb8 (size before relaxing)
 .debug_str     0x0005eab9      0xdb7 StdPeriph_Driver/src/stm32f4xx_rcc.o
                              0x5f7c5 (size before relaxing)
 .debug_str     0x0005f870      0x53a StdPeriph_Driver/src/stm32f4xx_usart.o
                              0x5efcb (size before relaxing)
 .debug_str     0x0005fdaa     0x9d5c Third-party/FreeRTOS/org/Source/list.o
                               0xdabe (size before relaxing)
 .debug_str     0x00069b06     0x23fb Third-party/FreeRTOS/org/Source/tasks.o
                               0xfefb (size before relaxing)
 .debug_str     0x0006bf01      0x7fb Third-party/FreeRTOS/org/Source/portable/GCC/ARM_CM4F/port.o
                               0xbc58 (size before relaxing)
 .debug_str     0x0006c6fc      0x252 Third-party/FreeRTOS/org/Source/portable/MemMang/heap_4.o
                               0xe2b1 (size before relaxing)
 .debug_str     0x0006c94e      0x172 Third-party/SEGGER/Config/SEGGER_SYSVIEW_Config_FreeRTOS.o
                               0xa6d9 (size before relaxing)
 .debug_str     0x0006cac0       0xfb Third-party/SEGGER/OS/SEGGER_SYSVIEW_FreeRTOS.o
                               0xe0b1 (size before relaxing)
 .debug_str     0x0006cbbb      0xdca Third-party/SEGGER/SEGGER/SEGGER_RTT.o
                               0x6de6 (size before relaxing)
 .debug_str     0x0006d985     0x12fc Third-party/SEGGER/SEGGER/SEGGER_SYSVIEW.o
                               0x8d8c (size before relaxing)
 .debug_str     0x0006ec81     0x1415 src/main.o
                              0x6a34f (size before relaxing)
 .debug_str     0x00070096      0x11b src/system_stm32f4xx.o
                              0x5ec0b (size before relaxing)
 .debug_str     0x000701b1       0x29 startup/startup_stm32.o
                                 0x72 (size before relaxing)

.comment        0x00000000       0x7f
 .comment       0x00000000       0x7f StdPeriph_Driver/src/stm32f4xx_gpio.o
                                 0x80 (size before relaxing)
 .comment       0x0000007f       0x80 StdPeriph_Driver/src/stm32f4xx_rcc.o
 .comment       0x0000007f       0x80 StdPeriph_Driver/src/stm32f4xx_usart.o
 .comment       0x0000007f       0x80 Third-party/FreeRTOS/org/Source/list.o
 .comment       0x0000007f       0x80 Third-party/FreeRTOS/org/Source/tasks.o
 .comment       0x0000007f       0x80 Third-party/FreeRTOS/org/Source/portable/GCC/ARM_CM4F/port.o
 .comment       0x0000007f       0x80 Third-party/FreeRTOS/org/Source/portable/MemMang/heap_4.o
 .comment       0x0000007f       0x80 Third-party/SEGGER/Config/SEGGER_SYSVIEW_Config_FreeRTOS.o
 .comment       0x0000007f       0x80 Third-party/SEGGER/OS/SEGGER_SYSVIEW_FreeRTOS.o
 .comment       0x0000007f       0x80 Third-party/SEGGER/SEGGER/SEGGER_RTT.o
 .comment       0x0000007f       0x80 Third-party/SEGGER/SEGGER/SEGGER_SYSVIEW.o
 .comment       0x0000007f       0x80 src/main.o
 .comment       0x0000007f       0x80 src/system_stm32f4xx.o

.debug_frame    0x00000000     0x2fe4
 .debug_frame   0x00000000      0x23c StdPeriph_Driver/src/stm32f4xx_gpio.o
 .debug_frame   0x0000023c      0x83c StdPeriph_Driver/src/stm32f4xx_rcc.o
 .debug_frame   0x00000a78      0x490 StdPeriph_Driver/src/stm32f4xx_usart.o
 .debug_frame   0x00000f08       0xd8 Third-party/FreeRTOS/org/Source/list.o
 .debug_frame   0x00000fe0      0x870 Third-party/FreeRTOS/org/Source/tasks.o
 .debug_frame   0x00001850      0x1a8 Third-party/FreeRTOS/org/Source/portable/GCC/ARM_CM4F/port.o
 .debug_frame   0x000019f8      0x108 Third-party/FreeRTOS/org/Source/portable/MemMang/heap_4.o
 .debug_frame   0x00001b00       0x48 Third-party/SEGGER/Config/SEGGER_SYSVIEW_Config_FreeRTOS.o
 .debug_frame   0x00001b48      0x100 Third-party/SEGGER/OS/SEGGER_SYSVIEW_FreeRTOS.o
 .debug_frame   0x00001c48      0x478 Third-party/SEGGER/SEGGER/SEGGER_RTT.o
 .debug_frame   0x000020c0      0xb5c Third-party/SEGGER/SEGGER/SEGGER_SYSVIEW.o
 .debug_frame   0x00002c1c      0x11c src/main.o
 .debug_frame   0x00002d38       0x7c src/system_stm32f4xx.o
 .debug_frame   0x00002db4       0x2c c:/ac6/systemworkbench/plugins/fr.ac6.mcu.externaltools.arm-none.win32_1.17.0.201812190825/tools/compiler/bin/../lib/gcc/arm-none-eabi/7.3.1/../../../../arm-none-eabi/lib/thumb/v7e-m/fpv4-sp/hard\libc.a(lib_a-init.o)
 .debug_frame   0x00002de0       0x38 c:/ac6/systemworkbench/plugins/fr.ac6.mcu.externaltools.arm-none.win32_1.17.0.201812190825/tools/compiler/bin/../lib/gcc/arm-none-eabi/7.3.1/../../../../arm-none-eabi/lib/thumb/v7e-m/fpv4-sp/hard\libc.a(lib_a-memcmp.o)
 .debug_frame   0x00002e18       0x38 c:/ac6/systemworkbench/plugins/fr.ac6.mcu.externaltools.arm-none.win32_1.17.0.201812190825/tools/compiler/bin/../lib/gcc/arm-none-eabi/7.3.1/../../../../arm-none-eabi/lib/thumb/v7e-m/fpv4-sp/hard\libc.a(lib_a-memset.o)
 .debug_frame   0x00002e50       0x5c c:/ac6/systemworkbench/plugins/fr.ac6.mcu.externaltools.arm-none.win32_1.17.0.201812190825/tools/compiler/bin/../lib/gcc/arm-none-eabi/7.3.1/../../../../arm-none-eabi/lib/thumb/v7e-m/fpv4-sp/hard\libc.a(lib_a-__call_atexit.o)
 .debug_frame   0x00002eac       0x20 c:/ac6/systemworkbench/plugins/fr.ac6.mcu.externaltools.arm-none.win32_1.17.0.201812190825/tools/compiler/bin/../lib/gcc/arm-none-eabi/7.3.1/../../../../arm-none-eabi/lib/thumb/v7e-m/fpv4-sp/hard\libc.a(lib_a-atexit.o)
 .debug_frame   0x00002ecc       0x34 c:/ac6/systemworkbench/plugins/fr.ac6.mcu.externaltools.arm-none.win32_1.17.0.201812190825/tools/compiler/bin/../lib/gcc/arm-none-eabi/7.3.1/../../../../arm-none-eabi/lib/thumb/v7e-m/fpv4-sp/hard\libc.a(lib_a-fini.o)
 .debug_frame   0x00002f00       0xb0 c:/ac6/systemworkbench/plugins/fr.ac6.mcu.externaltools.arm-none.win32_1.17.0.201812190825/tools/compiler/bin/../lib/gcc/arm-none-eabi/7.3.1/../../../../arm-none-eabi/lib/thumb/v7e-m/fpv4-sp/hard\libc.a(lib_a-lock.o)
 .debug_frame   0x00002fb0       0x34 c:/ac6/systemworkbench/plugins/fr.ac6.mcu.externaltools.arm-none.win32_1.17.0.201812190825/tools/compiler/bin/../lib/gcc/arm-none-eabi/7.3.1/../../../../arm-none-eabi/lib/thumb/v7e-m/fpv4-sp/hard\libc.a(lib_a-__atexit.o)
