08:27:45 **** Incremental Build of configuration Debug for project STM32_HelloWorld ****
make -j8 all 
Building file: ../src/main.c
Invoking: MCU GCC Compiler
C:\Users\vturb\RTOS_Workspace\STM32_HelloWorld\Debug
arm-none-eabi-gcc -mcpu=cortex-m4 -mthumb -mfloat-abi=hard -mfpu=fpv4-sp-d16 -DSTM32 -DSTM32F4 -DSTM32F407VGTx -DSTM32F407G_DISC1 -DDEBUG -DSTM32F40XX -DSTM32F40_41xxx -DUSE_STDPERIPH_DRIVER -I"C:/Users/vturb/RTOS_Workspace/STM32_HelloWorld/StdPeriph_Driver/inc" -I"C:/Users/vturb/RTOS_Workspace/STM32_HelloWorld/Third-party/SEGGER/Config" -I"C:/Users/vturb/RTOS_Workspace/STM32_HelloWorld/Third-party/SEGGER/OS" -I"C:/Users/vturb/RTOS_Workspace/STM32_HelloWorld/Third-party/SEGGER/SEGGER" -I"C:/Users/vturb/RTOS_Workspace/STM32_HelloWorld/Config" -I"C:/Users/vturb/RTOS_Workspace/STM32_HelloWorld/Third-party/FreeRTOS/org/Source/portable/GCC/ARM_CM4F" -I"C:/Users/vturb/RTOS_Workspace/STM32_HelloWorld/Third-party/FreeRTOS/org/Source/include" -I"C:/Users/vturb/RTOS_Workspace/STM32_HelloWorld/inc" -I"C:/Users/vturb/RTOS_Workspace/STM32_HelloWorld/CMSIS/device" -I"C:/Users/vturb/RTOS_Workspace/STM32_HelloWorld/CMSIS/core" -O0 -g3 -Wall -fmessage-length=0 -ffunction-sections -c -MMD -MP -MF"src/main.d" -MT"src/main.o" -o "src/main.o" "../src/main.c"
In file included from ../src/main.c:12:0:
C:/Users/vturb/RTOS_Workspace/STM32_HelloWorld/CMSIS/device/stm32f4xx.h:108:0: warning: "STM32F40_41xxx" redefined
   #define STM32F40_41xxx
 
<command-line>:0:0: note: this is the location of the previous definition
Finished building: ../src/main.c
 
Building target: STM32_HelloWorld.elf
Invoking: MCU GCC Linker
arm-none-eabi-gcc -mcpu=cortex-m4 -mthumb -mfloat-abi=hard -mfpu=fpv4-sp-d16 -specs=rdimon.specs -lc -lrdimon -T"C:/Users/vturb/RTOS_Workspace/STM32_HelloWorld/LinkerScript.ld" -Wl,-Map=output.map -Wl,--gc-sections -o "STM32_HelloWorld.elf" @"objects.list"   -lm
Finished building target: STM32_HelloWorld.elf
 
C:/Ac6/SystemWorkbench/plugins/fr.ac6.mcu.externaltools.arm-none.win32_1.17.0.201812190825/tools/make/make --no-print-directory post-build
Generating binary and Printing size information:
arm-none-eabi-objcopy -O binary "STM32_HelloWorld.elf" "STM32_HelloWorld.bin"
arm-none-eabi-size "STM32_HelloWorld.elf"
   text	   data	    bss	    dec	    hex	filename
  21684	   1128	  88420	 111232	  1b280	STM32_HelloWorld.elf
 

08:27:48 Build Finished (took 3s.49ms)

