11:42:30 **** Incremental Build of configuration Debug for project STM32_FreeRTOS_LED_and_Button_IT ****
make -j8 all 
Building file: ../src/main.c
Invoking: MCU GCC Compiler
C:\Users\vturb\RTOS_Workspace\STM32_FreeRTOS_LED_and_Button_IT\Debug
arm-none-eabi-gcc -mcpu=cortex-m4 -mthumb -mfloat-abi=hard -mfpu=fpv4-sp-d16 -DSTM32 -DSTM32F4 -DSTM32F407VGTx -DSTM32F407G_DISC1 -DDEBUG -DSTM32F40XX -DSTM32F40_41xxx -DUSE_STDPERIPH_DRIVER -I"C:/Users/vturb/RTOS_Workspace/STM32_FreeRTOS_LED_and_Button_IT/StdPeriph_Driver/inc" -I"C:/Users/vturb/RTOS_Workspace/STM32_FreeRTOS_LED_and_Button_IT/Third-party/SEGGER/SEGGER" -I"C:/Users/vturb/RTOS_Workspace/STM32_FreeRTOS_LED_and_Button_IT/Third-party/SEGGER/Config" -I"C:/Users/vturb/RTOS_Workspace/STM32_FreeRTOS_LED_and_Button_IT/Third-party/SEGGER/OS" -I"C:/Users/vturb/RTOS_Workspace/STM32_FreeRTOS_LED_and_Button_IT/Third-party/FreeRTOS/org/Source/portable/GCC/ARM_CM4F" -I"C:/Users/vturb/RTOS_Workspace/STM32_FreeRTOS_LED_and_Button_IT/Config" -I"C:/Users/vturb/RTOS_Workspace/STM32_FreeRTOS_LED_and_Button_IT/Third-party/FreeRTOS/org/Source/include" -I"C:/Users/vturb/RTOS_Workspace/STM32_FreeRTOS_LED_and_Button_IT/inc" -I"C:/Users/vturb/RTOS_Workspace/STM32_FreeRTOS_LED_and_Button_IT/CMSIS/device" -I"C:/Users/vturb/RTOS_Workspace/STM32_FreeRTOS_LED_and_Button_IT/CMSIS/core" -O0 -g3 -Wall -fmessage-length=0 -ffunction-sections -c -MMD -MP -MF"src/main.d" -MT"src/main.o" -o "src/main.o" "../src/main.c"
In file included from ../src/main.c:14:0:
C:/Users/vturb/RTOS_Workspace/STM32_FreeRTOS_LED_and_Button_IT/CMSIS/device/stm32f4xx.h:108:0: warning: "STM32F40_41xxx" redefined
   #define STM32F40_41xxx
 
<command-line>:0:0: note: this is the location of the previous definition
Finished building: ../src/main.c
 
Building target: STM32_FreeRTOS_LED_and_Button_IT.elf
Invoking: MCU GCC Linker
arm-none-eabi-gcc -mcpu=cortex-m4 -mthumb -mfloat-abi=hard -mfpu=fpv4-sp-d16 -T"C:/Users/vturb/RTOS_Workspace/STM32_FreeRTOS_LED_and_Button_IT/LinkerScript.ld" -Wl,-Map=output.map -Wl,--gc-sections -o "STM32_FreeRTOS_LED_and_Button_IT.elf" @"objects.list"   -lm
Finished building target: STM32_FreeRTOS_LED_and_Button_IT.elf
 
C:/Ac6/SystemWorkbench/plugins/fr.ac6.mcu.externaltools.arm-none.win32_1.17.0.201812190825/tools/make/make --no-print-directory post-build
Generating binary and Printing size information:
arm-none-eabi-objcopy -O binary "STM32_FreeRTOS_LED_and_Button_IT.elf" "STM32_FreeRTOS_LED_and_Button_IT.bin"
arm-none-eabi-size "STM32_FreeRTOS_LED_and_Button_IT.elf"
   text	   data	    bss	    dec	    hex	filename
  15604	   1120	  88036	 104760	  19938	STM32_FreeRTOS_LED_and_Button_IT.elf
 

11:42:31 Build Finished (took 1s.752ms)

